Component: ARM Compiler 5.06 update 7 (build 960) Tool: armlink [4d3601]

==============================================================================

Section Cross References

    startup_stm32f427xx.o(STACK) refers (Special) to heapauxi.o(.text) for __use_two_region_memory
    startup_stm32f427xx.o(HEAP) refers (Special) to heapauxi.o(.text) for __use_two_region_memory
    startup_stm32f427xx.o(RESET) refers (Special) to heapauxi.o(.text) for __use_two_region_memory
    startup_stm32f427xx.o(RESET) refers to startup_stm32f427xx.o(STACK) for __initial_sp
    startup_stm32f427xx.o(RESET) refers to startup_stm32f427xx.o(.text) for Reset_Handler
    startup_stm32f427xx.o(RESET) refers to stm32f4xx_it.o(i.NMI_Handler) for NMI_Handler
    startup_stm32f427xx.o(RESET) refers to stm32f4xx_it.o(i.HardFault_Handler) for HardFault_Handler
    startup_stm32f427xx.o(RESET) refers to stm32f4xx_it.o(i.MemManage_Handler) for MemManage_Handler
    startup_stm32f427xx.o(RESET) refers to stm32f4xx_it.o(i.BusFault_Handler) for BusFault_Handler
    startup_stm32f427xx.o(RESET) refers to stm32f4xx_it.o(i.UsageFault_Handler) for UsageFault_Handler
    startup_stm32f427xx.o(RESET) refers to stm32f4xx_it.o(i.SVC_Handler) for SVC_Handler
    startup_stm32f427xx.o(RESET) refers to stm32f4xx_it.o(i.DebugMon_Handler) for DebugMon_Handler
    startup_stm32f427xx.o(RESET) refers to stm32f4xx_it.o(i.PendSV_Handler) for PendSV_Handler
    startup_stm32f427xx.o(RESET) refers to stm32f4xx_it.o(i.SysTick_Handler) for SysTick_Handler
    startup_stm32f427xx.o(RESET) refers to stm32f4xx_it.o(i.DMA1_Stream0_IRQHandler) for DMA1_Stream0_IRQHandler
    startup_stm32f427xx.o(RESET) refers to stm32f4xx_it.o(i.DMA1_Stream1_IRQHandler) for DMA1_Stream1_IRQHandler
    startup_stm32f427xx.o(RESET) refers to stm32f4xx_it.o(i.DMA1_Stream3_IRQHandler) for DMA1_Stream3_IRQHandler
    startup_stm32f427xx.o(RESET) refers to stm32f4xx_it.o(i.DMA1_Stream6_IRQHandler) for DMA1_Stream6_IRQHandler
    startup_stm32f427xx.o(RESET) refers to stm32f4xx_it.o(i.CAN1_RX0_IRQHandler) for CAN1_RX0_IRQHandler
    startup_stm32f427xx.o(RESET) refers to stm32f4xx_it.o(i.CAN1_RX1_IRQHandler) for CAN1_RX1_IRQHandler
    startup_stm32f427xx.o(RESET) refers to stm32f4xx_it.o(i.TIM2_IRQHandler) for TIM2_IRQHandler
    startup_stm32f427xx.o(RESET) refers to stm32f4xx_it.o(i.USART1_IRQHandler) for USART1_IRQHandler
    startup_stm32f427xx.o(RESET) refers to stm32f4xx_it.o(i.TIM5_IRQHandler) for TIM5_IRQHandler
    startup_stm32f427xx.o(RESET) refers to stm32f4xx_it.o(i.TIM6_DAC_IRQHandler) for TIM6_DAC_IRQHandler
    startup_stm32f427xx.o(RESET) refers to stm32f4xx_it.o(i.DMA2_Stream1_IRQHandler) for DMA2_Stream1_IRQHandler
    startup_stm32f427xx.o(RESET) refers to stm32f4xx_it.o(i.CAN2_RX0_IRQHandler) for CAN2_RX0_IRQHandler
    startup_stm32f427xx.o(RESET) refers to stm32f4xx_it.o(i.CAN2_RX1_IRQHandler) for CAN2_RX1_IRQHandler
    startup_stm32f427xx.o(RESET) refers to stm32f4xx_it.o(i.DMA2_Stream6_IRQHandler) for DMA2_Stream6_IRQHandler
    startup_stm32f427xx.o(RESET) refers to stm32f4xx_it.o(i.USART6_IRQHandler) for USART6_IRQHandler
    startup_stm32f427xx.o(RESET) refers to stm32f4xx_it.o(i.UART7_IRQHandler) for UART7_IRQHandler
    startup_stm32f427xx.o(RESET) refers to stm32f4xx_it.o(i.UART8_IRQHandler) for UART8_IRQHandler
    startup_stm32f427xx.o(.text) refers (Special) to heapauxi.o(.text) for __use_two_region_memory
    startup_stm32f427xx.o(.text) refers to system_stm32f4xx.o(i.SystemInit) for SystemInit
    startup_stm32f427xx.o(.text) refers to __main.o(!!!main) for __main
    startup_stm32f427xx.o(.text) refers to startup_stm32f427xx.o(HEAP) for Heap_Mem
    startup_stm32f427xx.o(.text) refers to startup_stm32f427xx.o(STACK) for Stack_Mem
    main.o(i.<Func21>) refers to rt_memcpy_w.o(.text) for __aeabi_memcpy4
    main.o(i.<Func21>) refers to main.o(i._ZN6RM_PIDC1Ev) for RM_PID::RM_PID()
    main.o(i.<Func21>) refers to main.o(.constdata) for .constdata
    main.o(i.HAL_CAN_RxFifo0MsgPendingCallback) refers to stm32f4xx_hal_can.o(i.HAL_CAN_GetRxMessage) for HAL_CAN_GetRxMessage
    main.o(i.HAL_CAN_RxFifo0MsgPendingCallback) refers to main.o(i._ZN8RM_Motor5ParseE19CAN_RxHeaderTypeDefPh) for RM_Motor::Parse(CAN_RxHeaderTypeDef, unsigned char*)
    main.o(i.HAL_CAN_RxFifo0MsgPendingCallback) refers to main.o(i._ZN10RM_CHxxxGy5ParseE19CAN_RxHeaderTypeDefPh) for RM_CHxxxGy::Parse(CAN_RxHeaderTypeDef, unsigned char*)
    main.o(i.HAL_CAN_RxFifo0MsgPendingCallback) refers to main.o(.data) for .data
    main.o(i.HAL_CAN_RxFifo0MsgPendingCallback) refers to main.o(.bss) for .bss
    main.o(i.HAL_CAN_RxFifo0MsgPendingCallback) refers to can.o(.bss) for hcan1
    main.o(i.HAL_TIM_PeriodElapsedCallback) refers to dflt_clz.o(x$fpl$dflt) for __aeabi_i2d
    main.o(i.HAL_TIM_PeriodElapsedCallback) refers to dmul.o(x$fpl$dmul) for __aeabi_dmul
    main.o(i.HAL_TIM_PeriodElapsedCallback) refers to f2d.o(x$fpl$f2d) for __aeabi_f2d
[...]
    __rt_lib_init_preinit_1                  0x08000247   Thumb Code     0  libinit2.o(.ARM.Collect$$libinit$$00000004)
    __rt_lib_init_rand_1                     0x08000247   Thumb Code     0  libinit2.o(.ARM.Collect$$libinit$$0000000E)
    __rt_lib_init_signal_1                   0x08000247   Thumb Code     0  libinit2.o(.ARM.Collect$$libinit$$0000001D)
    __rt_lib_init_stdio_1                    0x08000247   Thumb Code     0  libinit2.o(.ARM.Collect$$libinit$$00000025)
    __rt_lib_init_user_alloc_1               0x08000247   Thumb Code     0  libinit2.o(.ARM.Collect$$libinit$$0000000C)
    __rt_lib_init_cpp_1                      0x0800024b   Thumb Code     0  libinit2.o(.ARM.Collect$$libinit$$00000032)
    __rt_lib_init_return                     0x0800024b   Thumb Code     0  libinit2.o(.ARM.Collect$$libinit$$00000033)
    __rt_lib_shutdown                        0x0800024d   Thumb Code     0  libshutdown.o(.ARM.Collect$$libshutdown$$00000000)
    __rt_lib_shutdown_cpp_1                  0x0800024f   Thumb Code     0  libshutdown2.o(.ARM.Collect$$libshutdown$$00000004)
    __rt_lib_shutdown_fini_1                 0x0800024f   Thumb Code     0  libshutdown2.o(.ARM.Collect$$libshutdown$$00000002)
    __rt_lib_shutdown_fp_trap_1              0x0800024f   Thumb Code     0  libshutdown2.o(.ARM.Collect$$libshutdown$$00000009)
    __rt_lib_shutdown_heap_1                 0x0800024f   Thumb Code     0  libshutdown2.o(.ARM.Collect$$libshutdown$$00000011)
    __rt_lib_shutdown_return                 0x0800024f   Thumb Code     0  libshutdown2.o(.ARM.Collect$$libshutdown$$00000012)
    __rt_lib_shutdown_signal_1               0x0800024f   Thumb Code     0  libshutdown2.o(.ARM.Collect$$libshutdown$$0000000C)
    __rt_lib_shutdown_stdio_1                0x0800024f   Thumb Code     0  libshutdown2.o(.ARM.Collect$$libshutdown$$00000006)
    __rt_lib_shutdown_user_alloc_1           0x0800024f   Thumb Code     0  libshutdown2.o(.ARM.Collect$$libshutdown$$0000000E)
    __rt_entry                               0x08000251   Thumb Code     0  __rtentry.o(.ARM.Collect$$rtentry$$00000000)
    __rt_entry_presh_1                       0x08000251   Thumb Code     0  __rtentry2.o(.ARM.Collect$$rtentry$$00000002)
    __rt_entry_sh                            0x08000251   Thumb Code     0  __rtentry4.o(.ARM.Collect$$rtentry$$00000004)
    __rt_entry_li                            0x08000257   Thumb Code     0  __rtentry2.o(.ARM.Collect$$rtentry$$0000000A)
    __rt_entry_postsh_1                      0x08000257   Thumb Code     0  __rtentry2.o(.ARM.Collect$$rtentry$$00000009)
    __rt_entry_main                          0x0800025b   Thumb Code     0  __rtentry2.o(.ARM.Collect$$rtentry$$0000000D)
    __rt_entry_postli_1                      0x0800025b   Thumb Code     0  __rtentry2.o(.ARM.Collect$$rtentry$$0000000C)
    __rt_exit                                0x08000263   Thumb Code     0  rtexit.o(.ARM.Collect$$rtexit$$00000000)
    __rt_exit_ls                             0x08000265   Thumb Code     0  rtexit2.o(.ARM.Collect$$rtexit$$00000003)
    __rt_exit_prels_1                        0x08000265   Thumb Code     0  rtexit2.o(.ARM.Collect$$rtexit$$00000002)
    __rt_exit_exit                           0x08000269   Thumb Code     0  rtexit2.o(.ARM.Collect$$rtexit$$00000004)
    Reset_Handler                            0x08000271   Thumb Code     8  startup_stm32f427xx.o(.text)
    ADC_IRQHandler                           0x0800028b   Thumb Code     0  startup_stm32f427xx.o(.text)
    CAN1_SCE_IRQHandler                      0x0800028b   Thumb Code     0  startup_stm32f427xx.o(.text)
    CAN1_TX_IRQHandler                       0x0800028b   Thumb Code     0  startup_stm32f427xx.o(.text)
    CAN2_SCE_IRQHandler                      0x0800028b   Thumb Code     0  startup_stm32f427xx.o(.text)
    CAN2_TX_IRQHandler                       0x0800028b   Thumb Code     0  startup_stm32f427xx.o(.text)
    DCMI_IRQHandler                          0x0800028b   Thumb Code     0  startup_stm32f427xx.o(.text)
    DMA1_Stream2_IRQHandler                  0x0800028b   Thumb Code     0  startup_stm32f427xx.o(.text)
    DMA1_Stream4_IRQHandler                  0x0800028b   Thumb Code     0  startup_stm32f427xx.o(.text)
    DMA1_Stream5_IRQHandler                  0x0800028b   Thumb Code     0  startup_stm32f427xx.o(.text)
    DMA1_Stream7_IRQHandler                  0x0800028b   Thumb Code     0  startup_stm32f427xx.o(.text)
    DMA2D_IRQHandler                         0x0800028b   Thumb Code     0  startup_stm32f427xx.o(.text)
    DMA2_Stream0_IRQHandler                  0x0800028b   Thumb Code     0  startup_stm32f427xx.o(.text)
    DMA2_Stream2_IRQHandler                  0x0800028b   Thumb Code     0  startup_stm32f427xx.o(.text)
    DMA2_Stream3_IRQHandler                  0x0800028b   Thumb Code     0  startup_stm32f427xx.o(.text)
    DMA2_Stream4_IRQHandler                  0x0800028b   Thumb Code     0  startup_stm32f427xx.o(.text)
    DMA2_Stream5_IRQHandler                  0x0800028b   Thumb Code     0  startup_stm32f427xx.o(.text)
    DMA2_Stream7_IRQHandler                  0x0800028b   Thumb Code     0  startup_stm32f427xx.o(.text)
    ETH_IRQHandler                           0x0800028b   Thumb Code     0  startup_stm32f427xx.o(.text)
    ETH_WKUP_IRQHandler                      0x0800028b   Thumb Code     0  startup_stm32f427xx.o(.text)
    EXTI0_IRQHandler                         0x0800028b   Thumb Code     0  startup_stm32f427xx.o(.text)
    EXTI15_10_IRQHandler                     0x0800028b   Thumb Code     0  startup_stm32f427xx.o(.text)
    EXTI1_IRQHandler                         0x0800028b   Thumb Code     0  startup_stm32f427xx.o(.text)
    EXTI2_IRQHandler                         0x0800028b   Thumb Code     0  startup_stm32f427xx.o(.text)
    EXTI3_IRQHandler                         0x0800028b   Thumb Code     0  startup_stm32f427xx.o(.text)
    EXTI4_IRQHandler                         0x0800028b   Thumb Code     0  startup_stm32f427xx.o(.text)
    EXTI9_5_IRQHandler                       0x0800028b   Thumb Code     0  startup_stm32f427xx.o(.text)
    FLASH_IRQHandler                         0x0800028b   Thumb Code     0  startup_stm32f427xx.o(.text)
    FMC_IRQHandler                           0x0800028b   Thumb Code     0  startup_stm32f427xx.o(.text)
    FPU_IRQHandler                           0x0800028b   Thumb Code     0  startup_stm32f427xx.o(.text)
    HASH_RNG_IRQHandler                      0x0800028b   Thumb Code     0  startup_stm32f427xx.o(.text)
    I2C1_ER_IRQHandler                       0x0800028b   Thumb Code     0  startup_stm32f427xx.o(.text)
    I2C1_EV_IRQHandler                       0x0800028b   Thumb Code     0  startup_stm32f427xx.o(.text)
    I2C2_ER_IRQHandler                       0x0800028b   Thumb Code     0  startup_stm32f427xx.o(.text)
    I2C2_EV_IRQHandler                       0x0800028b   Thumb Code     0  startup_stm32f427xx.o(.text)
    I2C3_ER_IRQHandler                       0x0800028b   Thumb Code     0  startup_stm32f427xx.o(.text)
    I2C3_EV_IRQHandler                       0x0800028b   Thumb Code     0  startup_stm32f427xx.o(.text)
    OTG_FS_IRQHandler                        0x0800028b   Thumb Code     0  startup_stm32f427xx.o(.text)
    OTG_FS_WKUP_IRQHandler                   0x0800028b   Thumb Code     0  startup_stm32f427xx.o(.text)
    OTG_HS_EP1_IN_IRQHandler                 0x0800028b   Thumb Code     0  startup_stm32f427xx.o(.text)
    OTG_HS_EP1_OUT_IRQHandler                0x0800028b   Thumb Code     0  startup_stm32f427xx.o(.text)
    OTG_HS_IRQHandler                        0x0800028b   Thumb Code     0  startup_stm32f427xx.o(.text)
    OTG_HS_WKUP_IRQHandler                   0x0800028b   Thumb Code     0  startup_stm32f427xx.o(.text)
    PVD_IRQHandler                           0x0800028b   Thumb Code     0  startup_stm32f427xx.o(.text)
    RCC_IRQHandler                           0x0800028b   Thumb Code     0  startup_stm32f427xx.o(.text)
    RTC_Alarm_IRQHandler                     0x0800028b   Thumb Code     0  startup_stm32f427xx.o(.text)
    RTC_WKUP_IRQHandler                      0x0800028b   Thumb Code     0  startup_stm32f427xx.o(.text)
    SAI1_IRQHandler                          0x0800028b   Thumb Code     0  startup_stm32f427xx.o(.text)
    SDIO_IRQHandler                          0x0800028b   Thumb Code     0  startup_stm32f427xx.o(.text)
    SPI1_IRQHandler                          0x0800028b   Thumb Code     0  startup_stm32f427xx.o(.text)
    SPI2_IRQHandler                          0x0800028b   Thumb Code     0  startup_stm32f427xx.o(.text)
    SPI3_IRQHandler                          0x0800028b   Thumb Code     0  startup_stm32f427xx.o(.text)
    SPI4_IRQHandler                          0x0800028b   Thumb Code     0  startup_stm32f427xx.o(.text)
    SPI5_IRQHandler                          0x0800028b   Thumb Code     0  startup_stm32f427xx.o(.text)
    SPI6_IRQHandler                          0x0800028b   Thumb Code     0  startup_stm32f427xx.o(.text)
    TAMP_STAMP_IRQHandler                    0x0800028b   Thumb Code     0  startup_stm32f427xx.o(.text)
    TIM1_BRK_TIM9_IRQHandler                 0x0800028b   Thumb Code     0  startup_stm32f427xx.o(.text)
    TIM1_CC_IRQHandler                       0x0800028b   Thumb Code     0  startup_stm32f427xx.o(.text)
    TIM1_TRG_COM_TIM11_IRQHandler            0x0800028b   Thumb Code     0  startup_stm32f427xx.o(.text)
    TIM1_UP_TIM10_IRQHandler                 0x0800028b   Thumb Code     0  startup_stm32f427xx.o(.text)
    TIM3_IRQHandler                          0x0800028b   Thumb Code     0  startup_stm32f427xx.o(.text)
    TIM4_IRQHandler                          0x0800028b   Thumb Code     0  startup_stm32f427xx.o(.text)
    TIM7_IRQHandler                          0x0800028b   Thumb Code     0  startup_stm32f427xx.o(.text)
    TIM8_BRK_TIM12_IRQHandler                0x0800028b   Thumb Code     0  startup_stm32f427xx.o(.text)
    TIM8_CC_IRQHandler                       0x0800028b   Thumb Code     0  startup_stm32f427xx.o(.text)
    TIM8_TRG_COM_TIM14_IRQHandler            0x0800028b   Thumb Code     0  startup_stm32f427xx.o(.text)
    TIM8_UP_TIM13_IRQHandler                 0x0800028b   Thumb Code     0  startup_stm32f427xx.o(.text)
    UART4_IRQHandler                         0x0800028b   Thumb Code     0  startup_stm32f427xx.o(.text)
    UART5_IRQHandler                         0x0800028b   Thumb Code     0  startup_stm32f427xx.o(.text)
    USART2_IRQHandler                        0x0800028b   Thumb Code     0  startup_stm32f427xx.o(.text)
    USART3_IRQHandler                        0x0800028b   Thumb Code     0  startup_stm32f427xx.o(.text)
    WWDG_IRQHandler                          0x0800028b   Thumb Code     0  startup_stm32f427xx.o(.text)
    __user_initial_stackheap                 0x0800028d   Thumb Code     0  startup_stm32f427xx.o(.text)
    __aeabi_uldivmod                         0x080002b1   Thumb Code     0  lludivv7m.o(.text)
    _ll_udiv                                 0x080002b1   Thumb Code   238  lludivv7m.o(.text)
    __aeabi_memcpy                           0x0800039f   Thumb Code     0  rt_memcpy_v6.o(.text)
    __rt_memcpy                              0x0800039f   Thumb Code   138  rt_memcpy_v6.o(.text)
    _memcpy_lastbytes                        0x08000405   Thumb Code     0  rt_memcpy_v6.o(.text)
    __aeabi_memcpy4                          0x08000429   Thumb Code     0  rt_memcpy_w.o(.text)
    __aeabi_memcpy8                          0x08000429   Thumb Code     0  rt_memcpy_w.o(.text)
    __rt_memcpy_w                            0x08000429   Thumb Code   100  rt_memcpy_w.o(.text)
    _memcpy_lastbytes_aligned                0x08000471   Thumb Code     0  rt_memcpy_w.o(.text)
    __aeabi_memclr4                          0x0800048d   Thumb Code     0  rt_memclr_w.o(.text)
    __aeabi_memclr8                          0x0800048d   Thumb Code     0  rt_memclr_w.o(.text)
    __rt_memclr_w                            0x0800048d   Thumb Code    78  rt_memclr_w.o(.text)
    _memset_w                                0x08000491   Thumb Code     0  rt_memclr_w.o(.text)
    __use_two_region_memory                  0x080004db   Thumb Code     2  heapauxi.o(.text)
    __rt_heap_escrow                         0x080004dd   Thumb Code     2  heapauxi.o(.text)
    __rt_heap_expand                         0x080004df   Thumb Code     2  heapauxi.o(.text)
    __cpp_initialize__aeabi_                 0x080004e1   Thumb Code    26  init_aeabi.o(.text)
    __read_errno                             0x08000505   Thumb Code    10  _rserrno.o(.text)
    __set_errno                              0x0800050f   Thumb Code    12  _rserrno.o(.text)
    __aeabi_errno_addr                       0x0800051d   Thumb Code     8  rt_errno_addr_intlibspace.o(.text)
    __errno$intlibspace                      0x0800051d   Thumb Code     0  rt_errno_addr_intlibspace.o(.text)
    __rt_errno_addr$intlibspace              0x0800051d   Thumb Code     0  rt_errno_addr_intlibspace.o(.text)
    __user_libspace                          0x08000525   Thumb Code     8  libspace.o(.text)
    __user_perproc_libspace                  0x08000525   Thumb Code     0  libspace.o(.text)
    __user_perthread_libspace                0x08000525   Thumb Code     0  libspace.o(.text)
    __user_setup_stackheap                   0x0800052d   Thumb Code    74  sys_stackheap_outer.o(.text)
    exit                                     0x08000577   Thumb Code    18  exit.o(.text)
    _sys_exit                                0x08000589   Thumb Code     8  sys_exit.o(.text)
    __I$use$semihosting                      0x08000595   Thumb Code     0  use_no_semi.o(.text)
    __use_no_semihosting_swi                 0x08000595   Thumb Code     2  use_no_semi.o(.text)
    __semihosting_library_function           0x08000597   Thumb Code     0  indicate_semi.o(.text)
    BusFault_Handler                         0x080005c9   Thumb Code     2  stm32f4xx_it.o(i.BusFault_Handler)
    CAN1_RX0_IRQHandler                      0x080005cd   Thumb Code     6  stm32f4xx_it.o(i.CAN1_RX0_IRQHandler)
    CAN1_RX1_IRQHandler                      0x080005d9   Thumb Code     6  stm32f4xx_it.o(i.CAN1_RX1_IRQHandler)
    CAN2_RX0_IRQHandler                      0x080005e5   Thumb Code     6  stm32f4xx_it.o(i.CAN2_RX0_IRQHandler)
    CAN2_RX1_IRQHandler                      0x080005f1   Thumb Code     6  stm32f4xx_it.o(i.CAN2_RX1_IRQHandler)
    DMA1_Stream0_IRQHandler                  0x080005fd   Thumb Code     6  stm32f4xx_it.o(i.DMA1_Stream0_IRQHandler)
    DMA1_Stream1_IRQHandler                  0x08000609   Thumb Code     6  stm32f4xx_it.o(i.DMA1_Stream1_IRQHandler)
    DMA1_Stream3_IRQHandler                  0x08000615   Thumb Code     6  stm32f4xx_it.o(i.DMA1_Stream3_IRQHandler)
    DMA1_Stream6_IRQHandler                  0x08000621   Thumb Code     6  stm32f4xx_it.o(i.DMA1_Stream6_IRQHandler)
    DMA2_Stream1_IRQHandler                  0x0800062d   Thumb Code     6  stm32f4xx_it.o(i.DMA2_Stream1_IRQHandler)
    DMA2_Stream6_IRQHandler                  0x08000639   Thumb Code     6  stm32f4xx_it.o(i.DMA2_Stream6_IRQHandler)
    DebugMon_Handler                         0x080006e9   Thumb Code     2  stm32f4xx_it.o(i.DebugMon_Handler)
    Error_Handler                            0x080006eb   Thumb Code     4  main.o(i.Error_Handler)
    HAL_CAN_ActivateNotification             0x080006ef   Thumb Code    36  stm32f4xx_hal_can.o(i.HAL_CAN_ActivateNotification)
    HAL_CAN_AddTxMessage                     0x08000713   Thumb Code   208  stm32f4xx_hal_can.o(i.HAL_CAN_AddTxMessage)
    HAL_CAN_ConfigFilter                     0x080007e5   Thumb Code   262  stm32f4xx_hal_can.o(i.HAL_CAN_ConfigFilter)
    HAL_CAN_ErrorCallback                    0x080008f1   Thumb Code     2  stm32f4xx_hal_can.o(i.HAL_CAN_ErrorCallback)
    HAL_CAN_GetRxMessage                     0x080008f3   Thumb Code   244  stm32f4xx_hal_can.o(i.HAL_CAN_GetRxMessage)
    HAL_CAN_IRQHandler                       0x080009e7   Thumb Code   508  stm32f4xx_hal_can.o(i.HAL_CAN_IRQHandler)
    HAL_CAN_Init                             0x08000be3   Thumb Code   282  stm32f4xx_hal_can.o(i.HAL_CAN_Init)
    HAL_CAN_MspInit                          0x08000cfd   Thumb Code   260  can.o(i.HAL_CAN_MspInit)
    HAL_CAN_RxFifo0FullCallback              0x08000e19   Thumb Code     2  stm32f4xx_hal_can.o(i.HAL_CAN_RxFifo0FullCallback)
    HAL_CAN_RxFifo0MsgPendingCallback        0x08000e1d   Thumb Code   140  main.o(i.HAL_CAN_RxFifo0MsgPendingCallback)
    HAL_CAN_RxFifo1FullCallback              0x08000ec1   Thumb Code     2  stm32f4xx_hal_can.o(i.HAL_CAN_RxFifo1FullCallback)
    HAL_CAN_RxFifo1MsgPendingCallback        0x08000ec3   Thumb Code     2  stm32f4xx_hal_can.o(i.HAL_CAN_RxFifo1MsgPendingCallback)
    HAL_CAN_SleepCallback                    0x08000ec5   Thumb Code     2  stm32f4xx_hal_can.o(i.HAL_CAN_SleepCallback)
    HAL_CAN_Start                            0x08000ec9   Thumb Code    88  stm32f4xx_hal_can.o(i.HAL_CAN_Start)
    HAL_CAN_TxMailbox0AbortCallback          0x08000f21   Thumb Code     2  stm32f4xx_hal_can.o(i.HAL_CAN_TxMailbox0AbortCallback)
    HAL_CAN_TxMailbox0CompleteCallback       0x08000f23   Thumb Code     2  stm32f4xx_hal_can.o(i.HAL_CAN_TxMailbox0CompleteCallback)
    HAL_CAN_TxMailbox1AbortCallback          0x08000f25   Thumb Code     2  stm32f4xx_hal_can.o(i.HAL_CAN_TxMailbox1AbortCallback)
    HAL_CAN_TxMailbox1CompleteCallback       0x08000f27   Thumb Code     2  stm32f4xx_hal_can.o(i.HAL_CAN_TxMailbox1CompleteCallback)
    HAL_CAN_TxMailbox2AbortCallback          0x08000f29   Thumb Code     2  stm32f4xx_hal_can.o(i.HAL_CAN_TxMailbox2AbortCallback)
    HAL_CAN_TxMailbox2CompleteCallback       0x08000f2b   Thumb Code     2  stm32f4xx_hal_can.o(i.HAL_CAN_TxMailbox2CompleteCallback)
    HAL_CAN_WakeUpFromRxMsgCallback          0x08000f2d   Thumb Code     2  stm32f4xx_hal_can.o(i.HAL_CAN_WakeUpFromRxMsgCallback)
    HAL_DMA_Abort                            0x08000f2f   Thumb Code   146  stm32f4xx_hal_dma.o(i.HAL_DMA_Abort)
    HAL_DMA_Abort_IT                         0x08000fc1   Thumb Code    36  stm32f4xx_hal_dma.o(i.HAL_DMA_Abort_IT)
    HAL_DMA_IRQHandler                       0x08000fe5   Thumb Code   412  stm32f4xx_hal_dma.o(i.HAL_DMA_IRQHandler)
    HAL_DMA_Init                             0x08001185   Thumb Code   206  stm32f4xx_hal_dma.o(i.HAL_DMA_Init)
    HAL_DMA_Start_IT                         0x08001259   Thumb Code   110  stm32f4xx_hal_dma.o(i.HAL_DMA_Start_IT)
    HAL_Delay                                0x080012c9   Thumb Code    32  stm32f4xx_hal.o(i.HAL_Delay)
    HAL_GPIO_Init                            0x080012ed   Thumb Code   510  stm32f4xx_hal_gpio.o(i.HAL_GPIO_Init)
    HAL_GetTick                              0x08001521   Thumb Code     6  stm32f4xx_hal.o(i.HAL_GetTick)
    HAL_IncTick                              0x0800152d   Thumb Code    12  stm32f4xx_hal.o(i.HAL_IncTick)
    HAL_Init                                 0x0800153d   Thumb Code    48  stm32f4xx_hal.o(i.HAL_Init)
    HAL_InitTick                             0x08001571   Thumb Code    54  stm32f4xx_hal.o(i.HAL_InitTick)
    HAL_MspInit                              0x080015b1   Thumb Code    42  stm32f4xx_hal_msp.o(i.HAL_MspInit)
    HAL_NVIC_EnableIRQ                       0x080015e1   Thumb Code    26  stm32f4xx_hal_cortex.o(i.HAL_NVIC_EnableIRQ)
    HAL_NVIC_SetPriority                     0x080015fd   Thumb Code    60  stm32f4xx_hal_cortex.o(i.HAL_NVIC_SetPriority)
    HAL_NVIC_SetPriorityGrouping             0x0800163d   Thumb Code    26  stm32f4xx_hal_cortex.o(i.HAL_NVIC_SetPriorityGrouping)
    HAL_PWREx_EnableOverDrive                0x08001661   Thumb Code    98  stm32f4xx_hal_pwr_ex.o(i.HAL_PWREx_EnableOverDrive)
    HAL_RCC_ClockConfig                      0x080016d1   Thumb Code   288  stm32f4xx_hal_rcc.o(i.HAL_RCC_ClockConfig)
    HAL_RCC_GetPCLK1Freq                     0x08001805   Thumb Code    20  stm32f4xx_hal_rcc.o(i.HAL_RCC_GetPCLK1Freq)
    HAL_RCC_GetPCLK2Freq                     0x08001825   Thumb Code    20  stm32f4xx_hal_rcc.o(i.HAL_RCC_GetPCLK2Freq)
    HAL_RCC_GetSysClockFreq                  0x08001845   Thumb Code    88  stm32f4xx_hal_rcc.o(i.HAL_RCC_GetSysClockFreq)
    HAL_RCC_OscConfig                        0x080018a9   Thumb Code   856  stm32f4xx_hal_rcc.o(i.HAL_RCC_OscConfig)
    HAL_SYSTICK_Config                       0x08001c15   Thumb Code    40  stm32f4xx_hal_cortex.o(i.HAL_SYSTICK_Config)
    HAL_TIMEx_BreakCallback                  0x08001c3d   Thumb Code     2  stm32f4xx_hal_tim_ex.o(i.HAL_TIMEx_BreakCallback)
    HAL_TIMEx_CommutCallback                 0x08001c3f   Thumb Code     2  stm32f4xx_hal_tim_ex.o(i.HAL_TIMEx_CommutCallback)
    HAL_TIMEx_MasterConfigSynchronization    0x08001c41   Thumb Code   116  stm32f4xx_hal_tim_ex.o(i.HAL_TIMEx_MasterConfigSynchronization)
    HAL_TIM_Base_Init                        0x08001cd1   Thumb Code    90  stm32f4xx_hal_tim.o(i.HAL_TIM_Base_Init)
    HAL_TIM_Base_MspInit                     0x08001d2d   Thumb Code   122  tim.o(i.HAL_TIM_Base_MspInit)
    HAL_TIM_Base_Start_IT                    0x08001db5   Thumb Code   100  stm32f4xx_hal_tim.o(i.HAL_TIM_Base_Start_IT)
    HAL_TIM_ConfigClockSource                0x08001e35   Thumb Code   220  stm32f4xx_hal_tim.o(i.HAL_TIM_ConfigClockSource)
    HAL_TIM_IC_CaptureCallback               0x08001f11   Thumb Code     2  stm32f4xx_hal_tim.o(i.HAL_TIM_IC_CaptureCallback)
    HAL_TIM_IRQHandler                       0x08001f13   Thumb Code   304  stm32f4xx_hal_tim.o(i.HAL_TIM_IRQHandler)
    HAL_TIM_MspPostInit                      0x08002045   Thumb Code    70  tim.o(i.HAL_TIM_MspPostInit)
    HAL_TIM_OC_DelayElapsedCallback          0x08002095   Thumb Code     2  stm32f4xx_hal_tim.o(i.HAL_TIM_OC_DelayElapsedCallback)
    HAL_TIM_PWM_ConfigChannel                0x08002097   Thumb Code   204  stm32f4xx_hal_tim.o(i.HAL_TIM_PWM_ConfigChannel)
    HAL_TIM_PWM_Init                         0x08002163   Thumb Code    90  stm32f4xx_hal_tim.o(i.HAL_TIM_PWM_Init)
    HAL_TIM_PWM_MspInit                      0x080021bd   Thumb Code     2  stm32f4xx_hal_tim.o(i.HAL_TIM_PWM_MspInit)
    HAL_TIM_PWM_PulseFinishedCallback        0x080021bf   Thumb Code     2  stm32f4xx_hal_tim.o(i.HAL_TIM_PWM_PulseFinishedCallback)
    HAL_TIM_PeriodElapsedCallback            0x080021c1   Thumb Code  3504  main.o(i.HAL_TIM_PeriodElapsedCallback)
    HAL_TIM_TriggerCallback                  0x08002f7d   Thumb Code     2  stm32f4xx_hal_tim.o(i.HAL_TIM_TriggerCallback)
    HAL_UARTEx_ReceiveToIdle_IT              0x08002f7f   Thumb Code    78  stm32f4xx_hal_uart.o(i.HAL_UARTEx_ReceiveToIdle_IT)
    HAL_UARTEx_RxEventCallback               0x08002fcd   Thumb Code    56  main.o(i.HAL_UARTEx_RxEventCallback)
    HAL_UART_ErrorCallback                   0x08003011   Thumb Code     2  stm32f4xx_hal_uart.o(i.HAL_UART_ErrorCallback)
    HAL_UART_IRQHandler                      0x08003015   Thumb Code   618  stm32f4xx_hal_uart.o(i.HAL_UART_IRQHandler)
    HAL_UART_Init                            0x08003285   Thumb Code   100  stm32f4xx_hal_uart.o(i.HAL_UART_Init)
    HAL_UART_MspInit                         0x080032e9   Thumb Code   754  usart.o(i.HAL_UART_MspInit)
    HAL_UART_RxCpltCallback                  0x0800360d   Thumb Code     2  main.o(i.HAL_UART_RxCpltCallback)
    HAL_UART_Transmit_DMA                    0x08003611   Thumb Code   106  stm32f4xx_hal_uart.o(i.HAL_UART_Transmit_DMA)
    HAL_UART_TxCpltCallback                  0x08003689   Thumb Code     2  stm32f4xx_hal_uart.o(i.HAL_UART_TxCpltCallback)
    HAL_UART_TxHalfCpltCallback              0x0800368b   Thumb Code     2  stm32f4xx_hal_uart.o(i.HAL_UART_TxHalfCpltCallback)
    HardFault_Handler                        0x0800368d   Thumb Code     2  stm32f4xx_it.o(i.HardFault_Handler)
    MX_CAN1_Init                             0x08003691   Thumb Code    58  can.o(i.MX_CAN1_Init)
    MX_CAN2_Init                             0x080036d5   Thumb Code    58  can.o(i.MX_CAN2_Init)
    MX_DMA_Init                              0x08003719   Thumb Code   136  dma.o(i.MX_DMA_Init)
    MX_GPIO_Init                             0x080037a5   Thumb Code   102  gpio.o(i.MX_GPIO_Init)
    MX_TIM2_Init                             0x08003811   Thumb Code   168  tim.o(i.MX_TIM2_Init)
    MX_TIM5_Init                             0x080038bd   Thumb Code    96  tim.o(i.MX_TIM5_Init)
    MX_TIM6_Init                             0x08003925   Thumb Code    62  tim.o(i.MX_TIM6_Init)
    MX_UART7_Init                            0x0800396d   Thumb Code    48  usart.o(i.MX_UART7_Init)
    MX_UART8_Init                            0x080039a5   Thumb Code    48  usart.o(i.MX_UART8_Init)
    MX_USART1_UART_Init                      0x080039dd   Thumb Code    54  usart.o(i.MX_USART1_UART_Init)
    MX_USART6_UART_Init                      0x08003a21   Thumb Code    48  usart.o(i.MX_USART6_UART_Init)
    MemManage_Handler                        0x08003a59   Thumb Code     2  stm32f4xx_it.o(i.MemManage_Handler)
    NMI_Handler                              0x08003a5b   Thumb Code     2  stm32f4xx_it.o(i.NMI_Handler)
    PendSV_Handler                           0x08003a5d   Thumb Code     2  stm32f4xx_it.o(i.PendSV_Handler)
    SVC_Handler                              0x08003a5f   Thumb Code     2  stm32f4xx_it.o(i.SVC_Handler)
    SysTick_Handler                          0x08003a61   Thumb Code     4  stm32f4xx_it.o(i.SysTick_Handler)
    SystemInit                               0x08003a65   Thumb Code    12  system_stm32f4xx.o(i.SystemInit)
    TIM2_IRQHandler                          0x08003a75   Thumb Code     6  stm32f4xx_it.o(i.TIM2_IRQHandler)
    TIM5_IRQHandler                          0x08003a81   Thumb Code     6  stm32f4xx_it.o(i.TIM5_IRQHandler)
    TIM6_DAC_IRQHandler                      0x08003a8d   Thumb Code     6  stm32f4xx_it.o(i.TIM6_DAC_IRQHandler)
    TIM_Base_SetConfig                       0x08003a99   Thumb Code   170  stm32f4xx_hal_tim.o(i.TIM_Base_SetConfig)
    TIM_ETR_SetConfig                        0x08003b71   Thumb Code    20  stm32f4xx_hal_tim.o(i.TIM_ETR_SetConfig)
    TIM_OC2_SetConfig                        0x08003bf5   Thumb Code    98  stm32f4xx_hal_tim.o(i.TIM_OC2_SetConfig)
    UART7_IRQHandler                         0x08003d61   Thumb Code     6  stm32f4xx_it.o(i.UART7_IRQHandler)
    UART8_IRQHandler                         0x08003d6d   Thumb Code     6  stm32f4xx_it.o(i.UART8_IRQHandler)
    UART_Start_Receive_IT                    0x08004059   Thumb Code    54  stm32f4xx_hal_uart.o(i.UART_Start_Receive_IT)
    USART1_IRQHandler                        0x08004091   Thumb Code     6  stm32f4xx_it.o(i.USART1_IRQHandler)
    USART6_IRQHandler                        0x0800409d   Thumb Code     6  stm32f4xx_it.o(i.USART6_IRQHandler)
    UsageFault_Handler                       0x080040a9   Thumb Code     2  stm32f4xx_it.o(i.UsageFault_Handler)
    RM_Can_Init()                            0x080040ad   Thumb Code    38  main.o(i._Z11RM_Can_Initv)
    RM_Can_Send(CAN_HandleTypeDef*, unsigned, unsigned char*, unsigned) 0x080040dd   Thumb Code    34  main.o(i._Z11RM_Can_SendP17CAN_HandleTypeDefjPhj)
    Send_6020_CAN()                          0x08004101   Thumb Code    14  main.o(i._Z13Send_6020_CANv)
    Total_tasks_Run()                        0x08004119   Thumb Code    36  main.o(i._Z15Total_tasks_Runv)
    Total_tasks_Init()                       0x08004141   Thumb Code   348  main.o(i._Z16Total_tasks_Initv)
    RM_CAN_Filter_Init()                     0x080042ed   Thumb Code    56  main.o(i._Z18RM_CAN_Filter_Initv)
    Send_3508_2006_CAN()                     0x0800432d   Thumb Code    12  main.o(i._Z18Send_3508_2006_CANv)
    SystemClock_Config()                     0x08004341   Thumb Code   150  main.o(i._Z18SystemClock_Configv)
    Zero_crossing_processing(float, float, float) 0x080043e1   Thumb Code   122  main.o(i._Z24Zero_crossing_processingfff)
    Combinatoria_Movement_Fun(bool*, bool)   0x08004465   Thumb Code   216  main.o(i._Z25Combinatoria_Movement_FunPbb)
    GET_Motor_ID_ADDRESS_BIND_(RM_Motor*, int) 0x08004561   Thumb Code    28  main.o(i._Z26GET_Motor_ID_ADDRESS_BIND_P8RM_Motori)
    setMSD(Motor_send_data_t*, short, int)   0x0800457d   Thumb Code    14  main.o(i._Z6setMSDP17Motor_send_data_tsi)
    RM_CHxxxGy::Parse(CAN_RxHeaderTypeDef, unsigned char*) 0x0800458d   Thumb Code   396  main.o(i._ZN10RM_CHxxxGy5ParseE19CAN_RxHeaderTypeDefPh)
    RM_Clicker::Init()                       0x0800472d   Thumb Code    10  main.o(i._ZN10RM_Clicker4InitEv)
    RM_Clicker::ParseData()                  0x08004741   Thumb Code   152  main.o(i._ZN10RM_Clicker9ParseDataEv)
    TD_quadratic::td_quadratic(float, bool)  0x080047dd   Thumb Code   428  main.o(i._ZN12TD_quadratic12td_quadraticEfb)
    TD_quadratic::TD_quadratic(float, float, float, unsigned char) 0x080049a5   Thumb Code    16  main.o(i._ZN12TD_quadraticC1Efffh)
    TD_quadratic::TD_quadratic__sub_object(float, float, float, unsigned char) 0x080049a5   Thumb Code     0  main.o(i._ZN12TD_quadraticC1Efffh)
    NonLinear_Fun::Fal_Fun(float, float, float) 0x080049b5   Thumb Code    84  main.o(i._ZN13NonLinear_Fun7Fal_FunEfff)
    NonLinear_Fun::Fsg_Fun(float, float)     0x08004a09   Thumb Code    52  main.o(i._ZN13NonLinear_Fun7Fsg_FunEff)
    NonLinear_Fun::Fhan_Fun(float, float, float, float) 0x08004a45   Thumb Code   426  main.o(i._ZN13NonLinear_Fun8Fhan_FunEffff)
    NonLinear_Fun::Fign_Fun(float)           0x08004c0d   Thumb Code    34  main.o(i._ZN13NonLinear_Fun8Fign_FunEf)
    RM_StaticTime::ISDir(unsigned)           0x08004c2f   Thumb Code    26  main.o(i._ZN13RM_StaticTime5ISDirEj)
    RM_FeedForward::RM_FeedForward(float, float, float, float, float) 0x08004c49   Thumb Code    22  main.o(i._ZN14RM_FeedForwardC1Efffff)
    RM_FeedForward::RM_FeedForward__sub_object(float, float, float, float, float) 0x08004c49   Thumb Code     0  main.o(i._ZN14RM_FeedForwardC1Efffff)
    LADRC_quadratic::eso_quadratic(float, unsigned char) 0x08004c61   Thumb Code   338  main.o(i._ZN15LADRC_quadratic13eso_quadraticEfh)
    LADRC_quadratic::sef_controller(unsigned char) 0x08004dbd   Thumb Code   224  main.o(i._ZN15LADRC_quadratic14sef_controllerEh)
    LADRC_quadratic::set_is_separate_w0(float, float, float) 0x08004ea1   Thumb Code    14  main.o(i._ZN15LADRC_quadratic18set_is_separate_w0Efff)
    LADRC_quadratic::set_is_separate_wc(float, float) 0x08004eaf   Thumb Code    16  main.o(i._ZN15LADRC_quadratic18set_is_separate_wcEff)
    LADRC_quadratic::up_data(float, float, unsigned char, bool) 0x08004ebf   Thumb Code    50  main.o(i._ZN15LADRC_quadratic7up_dataEffhb)
    LADRC_quadratic::LADRC_quadratic(TD_quadratic, float, float, float, float, float, float) 0x08004ef1   Thumb Code    96  main.o(i._ZN15LADRC_quadraticC1E12TD_quadraticffffff)
    LADRC_quadratic::LADRC_quadratic__sub_object(TD_quadratic, float, float, float, float, float, float) 0x08004ef1   Thumb Code     0  main.o(i._ZN15LADRC_quadraticC1E12TD_quadraticffffff)
    Kpid_t::Kpid_t(double, double, double, float, float, float, float) 0x08004f51   Thumb Code    80  main.o(i._ZN6Kpid_tC1Edddffff)
    Kpid_t::Kpid_t__sub_object(double, double, double, float, float, float, float) 0x08004f51   Thumb Code     0  main.o(i._ZN6Kpid_tC1Edddffff)
    RM_Key::UpKey(bool)                      0x08004fa1   Thumb Code    34  main.o(i._ZN6RM_Key5UpKeyEb)
    RM_PID::GetNoLinePid(Kpid_t, double, double, double) 0x08004fc5   Thumb Code   620  main.o(i._ZN6RM_PID12GetNoLinePidE6Kpid_tddd)
    RM_PID::clearPID()                       0x08005241   Thumb Code    22  main.o(i._ZN6RM_PID8clearPIDEv)
    RM_PID::GetPidPos(Kpid_t, double, double, double) 0x08005261   Thumb Code   470  main.o(i._ZN6RM_PID9GetPidPosE6Kpid_tddd)
    RM_PID::RM_PID()                         0x08005441   Thumb Code    84  main.o(i._ZN6RM_PIDC1Ev)
    RM_PID::RM_PID__sub_object()             0x08005441   Thumb Code     0  main.o(i._ZN6RM_PIDC1Ev)
    RM_Motor::GetMotorDataPos(short)         0x080054a1   Thumb Code    28  main.o(i._ZN8RM_Motor15GetMotorDataPosEs)
    RM_Motor::GetMotorDataSpeed(short)       0x080054bd   Thumb Code    28  main.o(i._ZN8RM_Motor17GetMotorDataSpeedEs)
    RM_Motor::Parse(CAN_RxHeaderTypeDef, unsigned char*) 0x080054d9   Thumb Code   276  main.o(i._ZN8RM_Motor5ParseE19CAN_RxHeaderTypeDefPh)
    RM_Motor::GetMotor(short)                0x080055ed   Thumb Code    24  main.o(i._ZN8RM_Motor8GetMotorEs)
    RM_Motor::RM_Motor(short, unsigned char, Motor_t*, unsigned char*) 0x08005605   Thumb Code    98  main.o(i._ZN8RM_MotorC1EshP7Motor_tPh)
    RM_Motor::RM_Motor__sub_object(short, unsigned char, Motor_t*, unsigned char*) 0x08005605   Thumb Code     0  main.o(i._ZN8RM_MotorC1EshP7Motor_tPh)
    std::fabs(float)                         0x08005667   Thumb Code     6  main.o(i._ZSt4fabsf)
    __ARM_fpclassifyf                        0x0800566d   Thumb Code    38  fpclassifyf.o(i.__ARM_fpclassifyf)
    __aeabi_vec_ctor_nocookie_nodtor         0x080056b3   Thumb Code    36  aeabi_vec_ctor_nocookie_nodtor.o(i.__aeabi_vec_ctor_nocookie_nodtor)
    __hardfp_fabs                            0x080056d7   Thumb Code    20  fabs.o(i.__hardfp_fabs)
    __hardfp_powf                            0x080056ed   Thumb Code  1606  powf.o(i.__hardfp_powf)
    __mathlib_powf                           0x080056ed   Thumb Code     0  powf.o(i.__hardfp_powf)
    __hardfp_sinf                            0x08005d51   Thumb Code   344  sinf.o(i.__hardfp_sinf)
    __hardfp_sqrtf                           0x08005ee1   Thumb Code    58  sqrtf.o(i.__hardfp_sqrtf)
    __mathlib_flt_divzero                    0x08005f1d   Thumb Code    14  funder.o(i.__mathlib_flt_divzero)
    __mathlib_flt_infnan                     0x08005f31   Thumb Code     6  funder.o(i.__mathlib_flt_infnan)
    __mathlib_flt_infnan2                    0x08005f37   Thumb Code     6  funder.o(i.__mathlib_flt_infnan2)
    __mathlib_flt_invalid                    0x08005f3d   Thumb Code    10  funder.o(i.__mathlib_flt_invalid)
    __mathlib_flt_overflow                   0x08005f4d   Thumb Code    10  funder.o(i.__mathlib_flt_overflow)
    __mathlib_flt_underflow                  0x08005f5d   Thumb Code    10  funder.o(i.__mathlib_flt_underflow)
    __mathlib_rredf2                         0x08005f6d   Thumb Code   316  rredf.o(i.__mathlib_rredf2)
    main                                     0x080066a5   Thumb Code    74  main.o(i.main)
    __aeabi_dneg                             0x080066f9   Thumb Code     0  basic.o(x$fpl$basic)
    _dneg                                    0x080066f9   Thumb Code     6  basic.o(x$fpl$basic)
    __aeabi_fneg                             0x080066ff   Thumb Code     0  basic.o(x$fpl$basic)
    _fneg                                    0x080066ff   Thumb Code     6  basic.o(x$fpl$basic)
    _dabs                                    0x08006705   Thumb Code     6  basic.o(x$fpl$basic)
    _fabs                                    0x0800670b   Thumb Code     6  basic.o(x$fpl$basic)
    __aeabi_d2f                              0x08006711   Thumb Code     0  d2f.o(x$fpl$d2f)
    _d2f                                     0x08006711   Thumb Code    98  d2f.o(x$fpl$d2f)
    __aeabi_dadd                             0x08006775   Thumb Code     0  daddsub_clz.o(x$fpl$dadd)
    _dadd                                    0x08006775   Thumb Code   332  daddsub_clz.o(x$fpl$dadd)
    __fpl_dcmp_Inf                           0x080068c5   Thumb Code    24  dcmpi.o(x$fpl$dcmpinf)
    __aeabi_ddiv                             0x080068dd   Thumb Code     0  ddiv.o(x$fpl$ddiv)
    _ddiv                                    0x080068dd   Thumb Code   552  ddiv.o(x$fpl$ddiv)
    __aeabi_cdcmpeq                          0x08006b8d   Thumb Code     0  deqf.o(x$fpl$deqf)
    _dcmpeq                                  0x08006b8d   Thumb Code   120  deqf.o(x$fpl$deqf)
    __aeabi_d2iz                             0x08006c05   Thumb Code     0  dfix.o(x$fpl$dfix)
    _dfix                                    0x08006c05   Thumb Code    94  dfix.o(x$fpl$dfix)
    __aeabi_i2d                              0x08006c63   Thumb Code     0  dflt_clz.o(x$fpl$dflt)
    _dflt                                    0x08006c63   Thumb Code    46  dflt_clz.o(x$fpl$dflt)
    __aeabi_l2d                              0x08006c91   Thumb Code     0  dfltll_clz.o(x$fpl$dfltll)
    _ll_sto_d                                0x08006c91   Thumb Code   162  dfltll_clz.o(x$fpl$dfltll)
    __aeabi_cdcmple                          0x08006d35   Thumb Code     0  dleqf.o(x$fpl$dleqf)
    _dcmple                                  0x08006d35   Thumb Code   120  dleqf.o(x$fpl$dleqf)
    __fpl_dcmple_InfNaN                      0x08006d97   Thumb Code     0  dleqf.o(x$fpl$dleqf)
    __aeabi_dmul                             0x08006dad   Thumb Code     0  dmul.o(x$fpl$dmul)
    _dmul                                    0x08006dad   Thumb Code   332  dmul.o(x$fpl$dmul)
    __fpl_dnaninf                            0x08006f01   Thumb Code   156  dnaninf.o(x$fpl$dnaninf)
    __fpl_dretinf                            0x08006f9d   Thumb Code    12  dretinf.o(x$fpl$dretinf)
    __aeabi_cdrcmple                         0x08006fa9   Thumb Code     0  drleqf.o(x$fpl$drleqf)
    _drcmple                                 0x08006fa9   Thumb Code   108  drleqf.o(x$fpl$drleqf)
    __aeabi_drsub                            0x08007015   Thumb Code     0  daddsub_clz.o(x$fpl$drsb)
    _drsb                                    0x08007015   Thumb Code    22  daddsub_clz.o(x$fpl$drsb)
    __aeabi_dsub                             0x0800702d   Thumb Code     0  daddsub_clz.o(x$fpl$dsub)
    _dsub                                    0x0800702d   Thumb Code   464  daddsub_clz.o(x$fpl$dsub)
    __aeabi_f2d                              0x08007201   Thumb Code     0  f2d.o(x$fpl$f2d)
    _f2d                                     0x08007201   Thumb Code    86  f2d.o(x$fpl$f2d)
    __fpl_fnaninf                            0x08007257   Thumb Code   140  fnaninf.o(x$fpl$fnaninf)
    _fp_init                                 0x080072e3   Thumb Code    10  fpinit.o(x$fpl$fpinit)
    __fplib_config_fpu_vfp                   0x080072eb   Thumb Code     0  fpinit.o(x$fpl$fpinit)
    __fplib_config_pureend_doubles           0x080072eb   Thumb Code     0  fpinit.o(x$fpl$fpinit)
    __fpl_fretinf                            0x080072ed   Thumb Code    10  fretinf.o(x$fpl$fretinf)
    __I$use$fp                               0x080072f6   Number         0  usenofp.o(x$fpl$usenofp)
    AHBPrescTable                            0x08007688   Data          16  system_stm32f4xx.o(.constdata)
    APBPrescTable                            0x08007698   Data           8  system_stm32f4xx.o(.constdata)
    Region$$Table$$Base                      0x08007800   Number         0  anon$$obj.o(Region$$Table)
    Region$$Table$$Limit                     0x08007820   Number         0  anon$$obj.o(Region$$Table)
    SHT$$INIT_ARRAY$$Base                    0x08007820   Number         0  main.o(.init_array)
    SHT$$INIT_ARRAY$$Limit                   0x08007824   Number         0  init_aeabi.o(.init_array)
    _Motor2006_ID_                           0x20000000   Data           1  main.o(.data)
    _Motor6020_ID_                           0x20000001   Data           1  main.o(.data)
    dir                                      0x20000002   Data           1  main.o(.data)
    now_chassis_mode                         0x20000003   Data           1  main.o(.data)
    is_on_test                               0x20000004   Data           1  main.o(.data)
    is_run                                   0x20000005   Data           1  main.o(.data)
    is_v_reverse                             0x20000006   Data           1  main.o(.data)
    is_on_MCL                                0x20000007   Data           1  main.o(.data)
    is_on_CM                                 0x20000008   Data           1  main.o(.data)
    is_on_BP                                 0x20000009   Data           1  main.o(.data)
    isdf                                     0x2000000a   Data           1  main.o(.data)
    send_motor_ms                            0x2000000e   Data           1  main.o(.data)
    Q_Key_size                               0x2000000f   Data           1  main.o(.data)
    F_Key_size                               0x20000010   Data           1  main.o(.data)
    Shift_Key_size                           0x20000011   Data           1  main.o(.data)
    _Motor3508_ID_                           0x20000012   Data           2  main.o(.data)
    test_gy_v                                0x20000014   Data           2  main.o(.data)
    _yaw_init_encoder_angle_                 0x20000018   Data           4  main.o(.data)
    pitch_target_angle_gy                    0x2000001c   Data           4  main.o(.data)
    yaw_target_angle_gy                      0x20000020   Data           4  main.o(.data)
    shoot_time                               0x20000024   Data           4  main.o(.data)
    max_yaw_t                                0x20000028   Data           4  main.o(.data)
    yaw_encoder_angle_e                      0x2000002c   Data           4  main.o(.data)
    temp_yaw_init_encoder_angle              0x20000030   Data           4  main.o(.data)
    yaw_now_angle                            0x20000034   Data           4  main.o(.data)
    ladrc_friction_b                         0x20000038   Data           4  main.o(.data)
    ladrc_friction_z1                        0x2000003c   Data           4  main.o(.data)
    ladrc_friction_z2                        0x20000040   Data           4  main.o(.data)
    ladrc_friction_z3                        0x20000044   Data           4  main.o(.data)
    ladrc_friction_kp                        0x20000048   Data           4  main.o(.data)
    ladrc_friction_kd                        0x2000004c   Data           4  main.o(.data)
    servos_angle_on                          0x20000050   Data           4  main.o(.data)
    servos_angle_off                         0x20000054   Data           4  main.o(.data)
    xxsdff                                   0x20000058   Data           4  main.o(.data)
    xxsdff1                                  0x2000005c   Data           4  main.o(.data)
    angelse                                  0x20000060   Data           4  main.o(.data)
    angelse1                                 0x20000064   Data           4  main.o(.data)
    yaw_init_encoder_angle                   0x20000084   Data           4  main.o(.data)
    Mode1_key                                0x20000088   Data           4  main.o(.data)
    Mode2_key                                0x2000008c   Data           4  main.o(.data)
    shoot_time_ms                            0x20000090   Data           4  main.o(.data)
    Friction_Speed                           0x20000094   Data           4  main.o(.data)
    Dial_Speed                               0x20000098   Data           4  main.o(.data)
    Ctrl_key                                 0x2000009c   Data           4  main.o(.data)
    Q_Key                                    0x200000a0   Data           4  main.o(.data)
    F_Key                                    0x200000a4   Data           4  main.o(.data)
    B_Key                                    0x200000a8   Data           4  main.o(.data)
    G_Key                                    0x200000ac   Data           4  main.o(.data)
    Shift_Key                                0x200000b0   Data           4  main.o(.data)
    E_Key                                    0x200000b4   Data           4  main.o(.data)
    C_Key                                    0x200000b8   Data           4  main.o(.data)
    V_Key                                    0x200000bc   Data           4  main.o(.data)
    servos_angle                             0x200000c0   Data           4  main.o(.data)
    sintt                                    0x200000c4   Data           4  main.o(.data)
    sintts                                   0x200000c8   Data           4  main.o(.data)
    abcd                                     0x200000cc   Data           4  main.o(.data)
    abcd1                                    0x200000d0   Data           4  main.o(.data)
    NonLinear_Fun::fhan_d                    0x200000d4   Data           4  main.o(.data)
    NonLinear_Fun::fhan_a0                   0x200000d8   Data           4  main.o(.data)
    NonLinear_Fun::fhan_y                    0x200000dc   Data           4  main.o(.data)
    NonLinear_Fun::fhan_a1                   0x200000e0   Data           4  main.o(.data)
    NonLinear_Fun::fhan_a2                   0x200000e4   Data           4  main.o(.data)
    NonLinear_Fun::fhan_a                    0x200000e8   Data           4  main.o(.data)
    RxHeaderData                             0x200000ec   Data           8  main.o(.data)
    RM_Clicker::dirTime                      0x200000f4   Data           8  main.o(.data)
    msd_6020                                 0x200000fc   Data           8  main.o(.data)
    msd_3508_2006                            0x20000104   Data           8  main.o(.data)
    Total_tasks_staticTime                   0x2000010c   Data           8  main.o(.data)
    Dial_angle                               0x20000118   Data           8  main.o(.data)
    uwTickFreq                               0x20000124   Data           1  stm32f4xx_hal.o(.data)
    uwTickPrio                               0x20000128   Data           4  stm32f4xx_hal.o(.data)
    uwTick                                   0x2000012c   Data           4  stm32f4xx_hal.o(.data)
    SystemCoreClock                          0x20000130   Data           4  system_stm32f4xx.o(.data)
    _Motor2006_                              0x20000138   Data         904  main.o(.bss)
    _Motor3508_                              0x200004c0   Data        1808  main.o(.bss)
    _Motor6020_                              0x20000bd0   Data         904  main.o(.bss)
    isminmode                                0x20000f58   Data          32  main.o(.bss)
    RM_Clicker::RC_Ctl                       0x20000f78   Data          24  main.o(.bss)
    RM_Clicker::pData                        0x20000f90   Data          18  main.o(.bss)
    Motor2006                                0x20000fa4   Data          16  main.o(.bss)
    Motor3508                                0x20000fb4   Data          16  main.o(.bss)
    Motor6020                                0x20000fc4   Data          16  main.o(.bss)
    yaw_init_encoder_angle_MF                0x20000fd8   Data         816  main.o(.bss)
    chGy_chassis                             0x20001308   Data          64  main.o(.bss)
    kpid_pitch_angle                         0x20001348   Data          56  main.o(.bss)
    kpid_pitch_speed                         0x20001380   Data          56  main.o(.bss)
    pid_pitch_angle                          0x200013b8   Data         216  main.o(.bss)
    pid_pitch_speed                          0x20001490   Data         216  main.o(.bss)
    td_pitch_Encoder_speed                   0x20001568   Data          32  main.o(.bss)
    td_yaw_target_angle_gy                   0x20001588   Data          32  main.o(.bss)
    td_yaw_target_angle_gasy                 0x200015a8   Data          32  main.o(.bss)
    ladrc_yaw_gy                             0x200015c8   Data         136  main.o(.bss)
    td_yaw_gy                                0x20001650   Data          32  main.o(.bss)
    kpid_yaw_gy                              0x20001670   Data          56  main.o(.bss)
    pid_yaw_gy                               0x200016a8   Data         216  main.o(.bss)
    kpid_angle_dial                          0x20001780   Data          56  main.o(.bss)
    kpid_speed_dial                          0x200017b8   Data          56  main.o(.bss)
    pid_speed_dial                           0x200017f0   Data         216  main.o(.bss)
    pid_angle_dial                           0x200018c8   Data         216  main.o(.bss)
    pid_DEMO                                 0x200019a0   Data         216  main.o(.bss)
    pid_DEMO_Init                            0x20001a78   Data          56  main.o(.bss)
    ude_pitch                                0x20001ab0   Data          40  main.o(.bss)
    td_move                                  0x20001ad8   Data          32  main.o(.bss)
    td_move1                                 0x20001af8   Data          32  main.o(.bss)
    ladrc_pitch                              0x20001b18   Data         136  main.o(.bss)
    td_gy_y                                  0x20001ba0   Data          32  main.o(.bss)
    ladrc_friction_l                         0x20001bc0   Data         136  main.o(.bss)
    ladrc_friction_r                         0x20001c48   Data         136  main.o(.bss)
    ladrc_dial                               0x20001cd0   Data         136  main.o(.bss)
    yaw_pid                                  0x20001d58   Data         216  main.o(.bss)
    td_yaw_cin                               0x20001e30   Data          32  main.o(.bss)
    yaw_kpid                                 0x20001e50   Data          56  main.o(.bss)
    td_yaw_i                                 0x20001e88   Data          32  main.o(.bss)
    ladrc_yaw_angle                          0x20001ea8   Data         136  main.o(.bss)
    ff_add_angle                             0x20001f30   Data          36  main.o(.bss)
    ff_Clicker_add_angle                     0x20001f54   Data          36  main.o(.bss)
    ff_Mouse_add_angle                       0x20001f78   Data          36  main.o(.bss)
    Chassis_to_Gimbal_Data                   0x20001f9c   Data          76  main.o(.bss)
    send_str2                                0x20001fe8   Data          64  main.o(.bss)
    RxHeader                                 0x20002028   Data          28  main.o(.bss)
    hcan1                                    0x20002044   Data          40  can.o(.bss)
    hcan2                                    0x2000206c   Data          40  can.o(.bss)
    htim2                                    0x20002094   Data          72  tim.o(.bss)
    htim5                                    0x200020dc   Data          72  tim.o(.bss)
    htim6                                    0x20002124   Data          72  tim.o(.bss)
    huart7                                   0x2000216c   Data          72  usart.o(.bss)
    huart8                                   0x200021b4   Data          72  usart.o(.bss)
    huart1                                   0x200021fc   Data          72  usart.o(.bss)
    huart6                                   0x20002244   Data          72  usart.o(.bss)
    hdma_uart7_rx                            0x2000228c   Data          96  usart.o(.bss)
    hdma_uart7_tx                            0x200022ec   Data          96  usart.o(.bss)
    hdma_uart8_rx                            0x2000234c   Data          96  usart.o(.bss)
    hdma_uart8_tx                            0x200023ac   Data          96  usart.o(.bss)
    hdma_usart6_rx                           0x2000240c   Data          96  usart.o(.bss)
    hdma_usart6_tx                           0x2000246c   Data          96  usart.o(.bss)
    __libspace_start                         0x200024cc   Data          96  libspace.o(.bss)
    __temporary_stack_top$libspace           0x2000252c   Data           0  libspace.o(.bss)



==============================================================================

Memory Map of the image

  Image Entry point : 0x080001ad

  Load Region LR_IROM1 (Base: 0x08000000, Size: 0x00007958, Max: 0x00200000, ABSOLUTE, COMPRESSED[0x00007858])

    Execution Region ER_IROM1 (Exec base: 0x08000000, Load base: 0x08000000, Size: 0x00007824, Max: 0x00200000, ABSOLUTE)

    Exec Addr    Load Addr    Size         Type   Attr      Idx    E Section Name        Object

    0x08000000   0x08000000   0x000001ac   Data   RO            3    RESET               startup_stm32f427xx.o
    0x080001ac   0x080001ac   0x00000008   Code   RO         4223  * !!!main             c_w.l(__main.o)
    0x080001b4   0x080001b4   0x00000034   Code   RO         4679    !!!scatter          c_w.l(__scatter.o)
    0x080001e8   0x080001e8   0x0000003a   Code   RO         4677    !!dczerorl          c_w.l(__dczerorl.o)
    0x08000222   0x08000222   0x00000002   PAD
    0x08000224   0x08000224   0x0000001c   Code   RO         4681    !!handler_zi        c_w.l(__scatter_zi.o)
    0x08000240   0x08000240   0x00000002   Code   RO         4480    .ARM.Collect$$libinit$$00000000  c_w.l(libinit.o)
    0x08000242   0x08000242   0x00000004   Code   RO         4335    .ARM.Collect$$libinit$$00000001  c_w.l(libinit2.o)
    0x08000246   0x08000246   0x00000000   Code   RO         4338    .ARM.Collect$$libinit$$00000004  c_w.l(libinit2.o)
    0x08000246   0x08000246   0x00000000   Code   RO         4341    .ARM.Collect$$libinit$$0000000A  c_w.l(libinit2.o)
    0x08000246   0x08000246   0x00000000   Code   RO         4343    .ARM.Collect$$libinit$$0000000C  c_w.l(libinit2.o)
    0x08000246   0x08000246   0x00000000   Code   RO         4345    .ARM.Collect$$libinit$$0000000E  c_w.l(libinit2.o)
    0x08000246   0x08000246   0x00000000   Code   RO         4348    .ARM.Collect$$libinit$$00000011  c_w.l(libinit2.o)
    0x08000246   0x08000246   0x00000000   Code   RO         4350    .ARM.Collect$$libinit$$00000013  c_w.l(libinit2.o)
    0x08000246   0x08000246   0x00000000   Code   RO         4352    .ARM.Collect$$libinit$$00000015  c_w.l(libinit2.o)
    0x08000246   0x08000246   0x00000000   Code   RO         4354    .ARM.Collect$$libinit$$00000017  c_w.l(libinit2.o)
    0x08000246   0x08000246   0x00000000   Code   RO         4356    .ARM.Collect$$libinit$$00000019  c_w.l(libinit2.o)
    0x08000246   0x08000246   0x00000000   Code   RO         4358    .ARM.Collect$$libinit$$0000001B  c_w.l(libinit2.o)
    0x08000246   0x08000246   0x00000000   Code   RO         4360    .ARM.Collect$$libinit$$0000001D  c_w.l(libinit2.o)
    0x08000246   0x08000246   0x00000000   Code   RO         4362    .ARM.Collect$$libinit$$0000001F  c_w.l(libinit2.o)
    0x08000246   0x08000246   0x00000000   Code   RO         4364    .ARM.Collect$$libinit$$00000021  c_w.l(libinit2.o)
    0x08000246   0x08000246   0x00000000   Code   RO         4366    .ARM.Collect$$libinit$$00000023  c_w.l(libinit2.o)
    0x08000246   0x08000246   0x00000000   Code   RO         4368    .ARM.Collect$$libinit$$00000025  c_w.l(libinit2.o)
    0x08000246   0x08000246   0x00000000   Code   RO         4372    .ARM.Collect$$libinit$$0000002C  c_w.l(libinit2.o)
    0x08000246   0x08000246   0x00000000   Code   RO         4374    .ARM.Collect$$libinit$$0000002E  c_w.l(libinit2.o)
    0x08000246   0x08000246   0x00000000   Code   RO         4376    .ARM.Collect$$libinit$$00000030  c_w.l(libinit2.o)
    0x08000246   0x08000246   0x00000004   Code   RO         4377    .ARM.Collect$$libinit$$00000031  c_w.l(libinit2.o)
    0x0800024a   0x0800024a   0x00000000   Code   RO         4378    .ARM.Collect$$libinit$$00000032  c_w.l(libinit2.o)
    0x0800024a   0x0800024a   0x00000002   Code   RO         4379    .ARM.Collect$$libinit$$00000033  c_w.l(libinit2.o)
    0x0800024c   0x0800024c   0x00000002   Code   RO         4638    .ARM.Collect$$libshutdown$$00000000  c_w.l(libshutdown.o)
    0x0800024e   0x0800024e   0x00000000   Code   RO         4654    .ARM.Collect$$libshutdown$$00000002  c_w.l(libshutdown2.o)
    0x0800024e   0x0800024e   0x00000000   Code   RO         4656    .ARM.Collect$$libshutdown$$00000004  c_w.l(libshutdown2.o)
    0x0800024e   0x0800024e   0x00000000   Code   RO         4658    .ARM.Collect$$libshutdown$$00000006  c_w.l(libshutdown2.o)
    0x0800024e   0x0800024e   0x00000000   Code   RO         4661    .ARM.Collect$$libshutdown$$00000009  c_w.l(libshutdown2.o)
    0x0800024e   0x0800024e   0x00000000   Code   RO         4664    .ARM.Collect$$libshutdown$$0000000C  c_w.l(libshutdown2.o)
    0x0800024e   0x0800024e   0x00000000   Code   RO         4666    .ARM.Collect$$libshutdown$$0000000E  c_w.l(libshutdown2.o)
    0x0800024e   0x0800024e   0x00000000   Code   RO         4669    .ARM.Collect$$libshutdown$$00000011  c_w.l(libshutdown2.o)
    0x0800024e   0x0800024e   0x00000002   Code   RO         4670    .ARM.Collect$$libshutdown$$00000012  c_w.l(libshutdown2.o)
    0x08000250   0x08000250   0x00000000   Code   RO         4328    .ARM.Collect$$rtentry$$00000000  c_w.l(__rtentry.o)
    0x08000250   0x08000250   0x00000000   Code   RO         4432    .ARM.Collect$$rtentry$$00000002  c_w.l(__rtentry2.o)
    0x08000250   0x08000250   0x00000006   Code   RO         4444    .ARM.Collect$$rtentry$$00000004  c_w.l(__rtentry4.o)
    0x08000256   0x08000256   0x00000000   Code   RO         4434    .ARM.Collect$$rtentry$$00000009  c_w.l(__rtentry2.o)
    0x08000256   0x08000256   0x00000004   Code   RO         4435    .ARM.Collect$$rtentry$$0000000A  c_w.l(__rtentry2.o)
    0x0800025a   0x0800025a   0x00000000   Code   RO         4437    .ARM.Collect$$rtentry$$0000000C  c_w.l(__rtentry2.o)
    0x0800025a   0x0800025a   0x00000008   Code   RO         4438    .ARM.Collect$$rtentry$$0000000D  c_w.l(__rtentry2.o)
    0x08000262   0x08000262   0x00000002   Code   RO         4490    .ARM.Collect$$rtexit$$00000000  c_w.l(rtexit.o)
    0x08000264   0x08000264   0x00000000   Code   RO         4578    .ARM.Collect$$rtexit$$00000002  c_w.l(rtexit2.o)
    0x08000264   0x08000264   0x00000004   Code   RO         4579    .ARM.Collect$$rtexit$$00000003  c_w.l(rtexit2.o)
    0x08000268   0x08000268   0x00000006   Code   RO         4580    .ARM.Collect$$rtexit$$00000004  c_w.l(rtexit2.o)
    0x0800026e   0x0800026e   0x00000002   PAD
    0x08000270   0x08000270   0x00000040   Code   RO            4    .text               startup_stm32f427xx.o
    0x080002b0   0x080002b0   0x000000ee   Code   RO         4213    .text               c_w.l(lludivv7m.o)
    0x0800039e   0x0800039e   0x0000008a   Code   RO         4215    .text               c_w.l(rt_memcpy_v6.o)
    0x08000428   0x08000428   0x00000064   Code   RO         4217    .text               c_w.l(rt_memcpy_w.o)
    0x0800048c   0x0800048c   0x0000004e   Code   RO         4219    .text               c_w.l(rt_memclr_w.o)
    0x080004da   0x080004da   0x00000006   Code   RO         4221    .text               c_w.l(heapauxi.o)
    0x080004e0   0x080004e0   0x00000024   Code   RO         4228    .text               c_w.l(init_aeabi.o)
    0x08000504   0x08000504   0x00000016   Code   RO         4333    .text               c_w.l(_rserrno.o)
    0x0800051a   0x0800051a   0x00000002   PAD
    0x0800051c   0x0800051c   0x00000008   Code   RO         4451    .text               c_w.l(rt_errno_addr_intlibspace.o)
    0x08000524   0x08000524   0x00000008   Code   RO         4460    .text               c_w.l(libspace.o)
    0x0800052c   0x0800052c   0x0000004a   Code   RO         4463    .text               c_w.l(sys_stackheap_outer.o)
    0x08000576   0x08000576   0x00000012   Code   RO         4465    .text               c_w.l(exit.o)
    0x08000588   0x08000588   0x0000000c   Code   RO         4570    .text               c_w.l(sys_exit.o)
    0x08000594   0x08000594   0x00000002   Code   RO         4572    .text               c_w.l(use_no_semi.o)
    0x08000596   0x08000596   0x00000000   Code   RO         4576    .text               c_w.l(indicate_semi.o)
    0x08000596   0x08000596   0x00000002   PAD
    0x08000598   0x08000598   0x00000030   Code   RO           13    i.<Func21>          main.o
    0x080005c8   0x080005c8   0x00000002   Code   RO         1172    i.BusFault_Handler  stm32f4xx_it.o
    0x080005ca   0x080005ca   0x00000002   PAD
    0x080005cc   0x080005cc   0x0000000c   Code   RO         1173    i.CAN1_RX0_IRQHandler  stm32f4xx_it.o
    0x080005d8   0x080005d8   0x0000000c   Code   RO         1174    i.CAN1_RX1_IRQHandler  stm32f4xx_it.o
    0x080005e4   0x080005e4   0x0000000c   Code   RO         1175    i.CAN2_RX0_IRQHandler  stm32f4xx_it.o
    0x080005f0   0x080005f0   0x0000000c   Code   RO         1176    i.CAN2_RX1_IRQHandler  stm32f4xx_it.o
    0x080005fc   0x080005fc   0x0000000c   Code   RO         1177    i.DMA1_Stream0_IRQHandler  stm32f4xx_it.o
    0x08000608   0x08000608   0x0000000c   Code   RO         1178    i.DMA1_Stream1_IRQHandler  stm32f4xx_it.o
    0x08000614   0x08000614   0x0000000c   Code   RO         1179    i.DMA1_Stream3_IRQHandler  stm32f4xx_it.o
    0x08000620   0x08000620   0x0000000c   Code   RO         1180    i.DMA1_Stream6_IRQHandler  stm32f4xx_it.o
    0x0800062c   0x0800062c   0x0000000c   Code   RO         1181    i.DMA2_Stream1_IRQHandler  stm32f4xx_it.o
    0x08000638   0x08000638   0x0000000c   Code   RO         1182    i.DMA2_Stream6_IRQHandler  stm32f4xx_it.o
    0x08000644   0x08000644   0x00000028   Code   RO         2119    i.DMA_CalcBaseAndBitshift  stm32f4xx_hal_dma.o
    0x0800066c   0x0800066c   0x00000054   Code   RO         2120    i.DMA_CheckFifoParam  stm32f4xx_hal_dma.o
    0x080006c0   0x080006c0   0x00000028   Code   RO         2121    i.DMA_SetConfig     stm32f4xx_hal_dma.o
    0x080006e8   0x080006e8   0x00000002   Code   RO         1183    i.DebugMon_Handler  stm32f4xx_it.o
    0x080006ea   0x080006ea   0x00000004   Code   RO           14    i.Error_Handler     main.o
    0x080006ee   0x080006ee   0x00000024   Code   RO         1375    i.HAL_CAN_ActivateNotification  stm32f4xx_hal_can.o
    0x08000712   0x08000712   0x000000d0   Code   RO         1376    i.HAL_CAN_AddTxMessage  stm32f4xx_hal_can.o
    0x080007e2   0x080007e2   0x00000002   PAD
    0x080007e4   0x080007e4   0x0000010c   Code   RO         1377    i.HAL_CAN_ConfigFilter  stm32f4xx_hal_can.o
    0x080008f0   0x080008f0   0x00000002   Code   RO         1380    i.HAL_CAN_ErrorCallback  stm32f4xx_hal_can.o
    0x080008f2   0x080008f2   0x000000f4   Code   RO         1383    i.HAL_CAN_GetRxMessage  stm32f4xx_hal_can.o
    0x080009e6   0x080009e6   0x000001fc   Code   RO         1387    i.HAL_CAN_IRQHandler  stm32f4xx_hal_can.o
    0x08000be2   0x08000be2   0x0000011a   Code   RO         1388    i.HAL_CAN_Init      stm32f4xx_hal_can.o
    0x08000cfc   0x08000cfc   0x0000011c   Code   RO          977    i.HAL_CAN_MspInit   can.o
    0x08000e18   0x08000e18   0x00000002   Code   RO         1395    i.HAL_CAN_RxFifo0FullCallback  stm32f4xx_hal_can.o
    0x08000e1a   0x08000e1a   0x00000002   PAD
    0x08000e1c   0x08000e1c   0x000000a4   Code   RO           15    i.HAL_CAN_RxFifo0MsgPendingCallback  main.o
    0x08000ec0   0x08000ec0   0x00000002   Code   RO         1397    i.HAL_CAN_RxFifo1FullCallback  stm32f4xx_hal_can.o
    0x08000ec2   0x08000ec2   0x00000002   Code   RO         1398    i.HAL_CAN_RxFifo1MsgPendingCallback  stm32f4xx_hal_can.o
    0x08000ec4   0x08000ec4   0x00000002   Code   RO         1399    i.HAL_CAN_SleepCallback  stm32f4xx_hal_can.o
    0x08000ec6   0x08000ec6   0x00000002   PAD
    0x08000ec8   0x08000ec8   0x00000058   Code   RO         1400    i.HAL_CAN_Start     stm32f4xx_hal_can.o
    0x08000f20   0x08000f20   0x00000002   Code   RO         1402    i.HAL_CAN_TxMailbox0AbortCallback  stm32f4xx_hal_can.o
    0x08000f22   0x08000f22   0x00000002   Code   RO         1403    i.HAL_CAN_TxMailbox0CompleteCallback  stm32f4xx_hal_can.o
    0x08000f24   0x08000f24   0x00000002   Code   RO         1404    i.HAL_CAN_TxMailbox1AbortCallback  stm32f4xx_hal_can.o
    0x08000f26   0x08000f26   0x00000002   Code   RO         1405    i.HAL_CAN_TxMailbox1CompleteCallback  stm32f4xx_hal_can.o
    0x08000f28   0x08000f28   0x00000002   Code   RO         1406    i.HAL_CAN_TxMailbox2AbortCallback  stm32f4xx_hal_can.o
    0x08000f2a   0x08000f2a   0x00000002   Code   RO         1407    i.HAL_CAN_TxMailbox2CompleteCallback  stm32f4xx_hal_can.o
    0x08000f2c   0x08000f2c   0x00000002   Code   RO         1409    i.HAL_CAN_WakeUpFromRxMsgCallback  stm32f4xx_hal_can.o
    0x08000f2e   0x08000f2e   0x00000092   Code   RO         2122    i.HAL_DMA_Abort     stm32f4xx_hal_dma.o
    0x08000fc0   0x08000fc0   0x00000024   Code   RO         2123    i.HAL_DMA_Abort_IT  stm32f4xx_hal_dma.o
    0x08000fe4   0x08000fe4   0x000001a0   Code   RO         2127    i.HAL_DMA_IRQHandler  stm32f4xx_hal_dma.o
    0x08001184   0x08001184   0x000000d4   Code   RO         2128    i.HAL_DMA_Init      stm32f4xx_hal_dma.o
    0x08001258   0x08001258   0x0000006e   Code   RO         2132    i.HAL_DMA_Start_IT  stm32f4xx_hal_dma.o
    0x080012c6   0x080012c6   0x00000002   PAD
    0x080012c8   0x080012c8   0x00000024   Code   RO         2577    i.HAL_Delay         stm32f4xx_hal.o
    0x080012ec   0x080012ec   0x00000234   Code   RO         2015    i.HAL_GPIO_Init     stm32f4xx_hal_gpio.o
    0x08001520   0x08001520   0x0000000c   Code   RO         2585    i.HAL_GetTick       stm32f4xx_hal.o
    0x0800152c   0x0800152c   0x00000010   Code   RO         2591    i.HAL_IncTick       stm32f4xx_hal.o
    0x0800153c   0x0800153c   0x00000034   Code   RO         2592    i.HAL_Init          stm32f4xx_hal.o
    0x08001570   0x08001570   0x00000040   Code   RO         2593    i.HAL_InitTick      stm32f4xx_hal.o
    0x080015b0   0x080015b0   0x00000030   Code   RO         1350    i.HAL_MspInit       stm32f4xx_hal_msp.o
    0x080015e0   0x080015e0   0x0000001a   Code   RO         2425    i.HAL_NVIC_EnableIRQ  stm32f4xx_hal_cortex.o
    0x080015fa   0x080015fa   0x00000002   PAD
    0x080015fc   0x080015fc   0x00000040   Code   RO         2431    i.HAL_NVIC_SetPriority  stm32f4xx_hal_cortex.o
    0x0800163c   0x0800163c   0x00000024   Code   RO         2432    i.HAL_NVIC_SetPriorityGrouping  stm32f4xx_hal_cortex.o
    0x08001660   0x08001660   0x00000070   Code   RO         2351    i.HAL_PWREx_EnableOverDrive  stm32f4xx_hal_pwr_ex.o
    0x080016d0   0x080016d0   0x00000134   Code   RO         1609    i.HAL_RCC_ClockConfig  stm32f4xx_hal_rcc.o
    0x08001804   0x08001804   0x00000020   Code   RO         1616    i.HAL_RCC_GetPCLK1Freq  stm32f4xx_hal_rcc.o
    0x08001824   0x08001824   0x00000020   Code   RO         1617    i.HAL_RCC_GetPCLK2Freq  stm32f4xx_hal_rcc.o
    0x08001844   0x08001844   0x00000064   Code   RO         1618    i.HAL_RCC_GetSysClockFreq  stm32f4xx_hal_rcc.o
    0x080018a8   0x080018a8   0x0000036c   Code   RO         1621    i.HAL_RCC_OscConfig  stm32f4xx_hal_rcc.o
    0x08001c14   0x08001c14   0x00000028   Code   RO         2436    i.HAL_SYSTICK_Config  stm32f4xx_hal_cortex.o
    0x08001c3c   0x08001c3c   0x00000002   Code   RO         3546    i.HAL_TIMEx_BreakCallback  stm32f4xx_hal_tim_ex.o
    0x08001c3e   0x08001c3e   0x00000002   Code   RO         3547    i.HAL_TIMEx_CommutCallback  stm32f4xx_hal_tim_ex.o
    0x08001c40   0x08001c40   0x00000090   Code   RO         3565    i.HAL_TIMEx_MasterConfigSynchronization  stm32f4xx_hal_tim_ex.o
    0x08001cd0   0x08001cd0   0x0000005a   Code   RO         2842    i.HAL_TIM_Base_Init  stm32f4xx_hal_tim.o
    0x08001d2a   0x08001d2a   0x00000002   PAD
    0x08001d2c   0x08001d2c   0x00000088   Code   RO         1053    i.HAL_TIM_Base_MspInit  tim.o
    0x08001db4   0x08001db4   0x00000080   Code   RO         2847    i.HAL_TIM_Base_Start_IT  stm32f4xx_hal_tim.o
    0x08001e34   0x08001e34   0x000000dc   Code   RO         2851    i.HAL_TIM_ConfigClockSource  stm32f4xx_hal_tim.o
    0x08001f10   0x08001f10   0x00000002   Code   RO         2876    i.HAL_TIM_IC_CaptureCallback  stm32f4xx_hal_tim.o
    0x08001f12   0x08001f12   0x00000130   Code   RO         2890    i.HAL_TIM_IRQHandler  stm32f4xx_hal_tim.o
    0x08002042   0x08002042   0x00000002   PAD
    0x08002044   0x08002044   0x00000050   Code   RO         1054    i.HAL_TIM_MspPostInit  tim.o
    0x08002094   0x08002094   0x00000002   Code   RO         2893    i.HAL_TIM_OC_DelayElapsedCallback  stm32f4xx_hal_tim.o
    0x08002096   0x08002096   0x000000cc   Code   RO         2914    i.HAL_TIM_PWM_ConfigChannel  stm32f4xx_hal_tim.o
    0x08002162   0x08002162   0x0000005a   Code   RO         2917    i.HAL_TIM_PWM_Init  stm32f4xx_hal_tim.o
    0x080021bc   0x080021bc   0x00000002   Code   RO         2919    i.HAL_TIM_PWM_MspInit  stm32f4xx_hal_tim.o
    0x080021be   0x080021be   0x00000002   Code   RO         2920    i.HAL_TIM_PWM_PulseFinishedCallback  stm32f4xx_hal_tim.o
    0x080021c0   0x080021c0   0x00000dbc   Code   RO           16    i.HAL_TIM_PeriodElapsedCallback  main.o
    0x08002f7c   0x08002f7c   0x00000002   Code   RO         2933    i.HAL_TIM_TriggerCallback  stm32f4xx_hal_tim.o
    0x08002f7e   0x08002f7e   0x0000004e   Code   RO         3824    i.HAL_UARTEx_ReceiveToIdle_IT  stm32f4xx_hal_uart.o
    0x08002fcc   0x08002fcc   0x00000044   Code   RO           17    i.HAL_UARTEx_RxEventCallback  main.o
    0x08003010   0x08003010   0x00000002   Code   RO         3839    i.HAL_UART_ErrorCallback  stm32f4xx_hal_uart.o
    0x08003012   0x08003012   0x00000002   PAD
    0x08003014   0x08003014   0x00000270   Code   RO         3842    i.HAL_UART_IRQHandler  stm32f4xx_hal_uart.o
    0x08003284   0x08003284   0x00000064   Code   RO         3843    i.HAL_UART_Init     stm32f4xx_hal_uart.o
    0x080032e8   0x080032e8   0x00000324   Code   RO         1113    i.HAL_UART_MspInit  usart.o
    0x0800360c   0x0800360c   0x00000002   Code   RO           18    i.HAL_UART_RxCpltCallback  main.o
    0x0800360e   0x0800360e   0x00000002   PAD
    0x08003610   0x08003610   0x00000078   Code   RO         3852    i.HAL_UART_Transmit_DMA  stm32f4xx_hal_uart.o
    0x08003688   0x08003688   0x00000002   Code   RO         3854    i.HAL_UART_TxCpltCallback  stm32f4xx_hal_uart.o
    0x0800368a   0x0800368a   0x00000002   Code   RO         3855    i.HAL_UART_TxHalfCpltCallback  stm32f4xx_hal_uart.o
    0x0800368c   0x0800368c   0x00000002   Code   RO         1184    i.HardFault_Handler  stm32f4xx_it.o
    0x0800368e   0x0800368e   0x00000002   PAD
    0x08003690   0x08003690   0x00000044   Code   RO          978    i.MX_CAN1_Init      can.o
    0x080036d4   0x080036d4   0x00000044   Code   RO          979    i.MX_CAN2_Init      can.o
    0x08003718   0x08003718   0x0000008c   Code   RO         1025    i.MX_DMA_Init       dma.o
    0x080037a4   0x080037a4   0x0000006c   Code   RO          849    i.MX_GPIO_Init      gpio.o
    0x08003810   0x08003810   0x000000ac   Code   RO         1055    i.MX_TIM2_Init      tim.o
    0x080038bc   0x080038bc   0x00000068   Code   RO         1056    i.MX_TIM5_Init      tim.o
    0x08003924   0x08003924   0x00000048   Code   RO         1057    i.MX_TIM6_Init      tim.o
    0x0800396c   0x0800396c   0x00000038   Code   RO         1114    i.MX_UART7_Init     usart.o
    0x080039a4   0x080039a4   0x00000038   Code   RO         1115    i.MX_UART8_Init     usart.o
    0x080039dc   0x080039dc   0x00000044   Code   RO         1116    i.MX_USART1_UART_Init  usart.o
    0x08003a20   0x08003a20   0x00000038   Code   RO         1117    i.MX_USART6_UART_Init  usart.o
    0x08003a58   0x08003a58   0x00000002   Code   RO         1185    i.MemManage_Handler  stm32f4xx_it.o
    0x08003a5a   0x08003a5a   0x00000002   Code   RO         1186    i.NMI_Handler       stm32f4xx_it.o
    0x08003a5c   0x08003a5c   0x00000002   Code   RO         1187    i.PendSV_Handler    stm32f4xx_it.o
    0x08003a5e   0x08003a5e   0x00000002   Code   RO         1188    i.SVC_Handler       stm32f4xx_it.o
    0x08003a60   0x08003a60   0x00000004   Code   RO         1189    i.SysTick_Handler   stm32f4xx_it.o
    0x08003a64   0x08003a64   0x00000010   Code   RO         4177    i.SystemInit        system_stm32f4xx.o
    0x08003a74   0x08003a74   0x0000000c   Code   RO         1190    i.TIM2_IRQHandler   stm32f4xx_it.o
    0x08003a80   0x08003a80   0x0000000c   Code   RO         1191    i.TIM5_IRQHandler   stm32f4xx_it.o
    0x08003a8c   0x08003a8c   0x0000000c   Code   RO         1192    i.TIM6_DAC_IRQHandler  stm32f4xx_it.o
    0x08003a98   0x08003a98   0x000000d8   Code   RO         2935    i.TIM_Base_SetConfig  stm32f4xx_hal_tim.o
    0x08003b70   0x08003b70   0x00000014   Code   RO         2946    i.TIM_ETR_SetConfig  stm32f4xx_hal_tim.o
    0x08003b84   0x08003b84   0x00000010   Code   RO         2947    i.TIM_ITRx_SetConfig  stm32f4xx_hal_tim.o
    0x08003b94   0x08003b94   0x00000060   Code   RO         2948    i.TIM_OC1_SetConfig  stm32f4xx_hal_tim.o
    0x08003bf4   0x08003bf4   0x0000006c   Code   RO         2949    i.TIM_OC2_SetConfig  stm32f4xx_hal_tim.o
    0x08003c60   0x08003c60   0x00000068   Code   RO         2950    i.TIM_OC3_SetConfig  stm32f4xx_hal_tim.o
    0x08003cc8   0x08003cc8   0x00000050   Code   RO         2951    i.TIM_OC4_SetConfig  stm32f4xx_hal_tim.o
    0x08003d18   0x08003d18   0x00000022   Code   RO         2953    i.TIM_TI1_ConfigInputStage  stm32f4xx_hal_tim.o
    0x08003d3a   0x08003d3a   0x00000024   Code   RO         2955    i.TIM_TI2_ConfigInputStage  stm32f4xx_hal_tim.o
    0x08003d5e   0x08003d5e   0x00000002   PAD
    0x08003d60   0x08003d60   0x0000000c   Code   RO         1193    i.UART7_IRQHandler  stm32f4xx_it.o
    0x08003d6c   0x08003d6c   0x0000000c   Code   RO         1194    i.UART8_IRQHandler  stm32f4xx_it.o
    0x08003d78   0x08003d78   0x00000010   Code   RO         3856    i.UART_DMAAbortOnError  stm32f4xx_hal_uart.o
    0x08003d88   0x08003d88   0x0000004a   Code   RO         3857    i.UART_DMAError     stm32f4xx_hal_uart.o
    0x08003dd2   0x08003dd2   0x00000042   Code   RO         3862    i.UART_DMATransmitCplt  stm32f4xx_hal_uart.o
    0x08003e14   0x08003e14   0x0000000a   Code   RO         3864    i.UART_DMATxHalfCplt  stm32f4xx_hal_uart.o
    0x08003e1e   0x08003e1e   0x0000004e   Code   RO         3866    i.UART_EndRxTransfer  stm32f4xx_hal_uart.o
    0x08003e6c   0x08003e6c   0x0000001c   Code   RO         3867    i.UART_EndTxTransfer  stm32f4xx_hal_uart.o
    0x08003e88   0x08003e88   0x000000c2   Code   RO         3868    i.UART_Receive_IT   stm32f4xx_hal_uart.o
    0x08003f4a   0x08003f4a   0x00000002   PAD
    0x08003f4c   0x08003f4c   0x0000010c   Code   RO         3869    i.UART_SetConfig    stm32f4xx_hal_uart.o
    0x08004058   0x08004058   0x00000036   Code   RO         3871    i.UART_Start_Receive_IT  stm32f4xx_hal_uart.o
    0x0800408e   0x0800408e   0x00000002   PAD
    0x08004090   0x08004090   0x0000000c   Code   RO         1195    i.USART1_IRQHandler  stm32f4xx_it.o
    0x0800409c   0x0800409c   0x0000000c   Code   RO         1196    i.USART6_IRQHandler  stm32f4xx_it.o
    0x080040a8   0x080040a8   0x00000002   Code   RO         1197    i.UsageFault_Handler  stm32f4xx_it.o
    0x080040aa   0x080040aa   0x00000002   PAD
    0x080040ac   0x080040ac   0x00000030   Code   RO           23    i._Z11RM_Can_Initv  main.o
    0x080040dc   0x080040dc   0x00000022   Code   RO           24    i._Z11RM_Can_SendP17CAN_HandleTypeDefjPhj  main.o
    0x080040fe   0x080040fe   0x00000002   PAD
    0x08004100   0x08004100   0x00000018   Code   RO           29    i._Z13Send_6020_CANv  main.o
    0x08004118   0x08004118   0x00000028   Code   RO           33    i._Z15Total_tasks_Runv  main.o
    0x08004140   0x08004140   0x000001ac   Code   RO           35    i._Z16Total_tasks_Initv  main.o
    0x080042ec   0x080042ec   0x00000040   Code   RO           38    i._Z18RM_CAN_Filter_Initv  main.o
    0x0800432c   0x0800432c   0x00000014   Code   RO           39    i._Z18Send_3508_2006_CANv  main.o
    0x08004340   0x08004340   0x000000a0   Code   RO           40    i._Z18SystemClock_Configv  main.o
    0x080043e0   0x080043e0   0x00000084   Code   RO           46    i._Z24Zero_crossing_processingfff  main.o
    0x08004464   0x08004464   0x000000fc   Code   RO           47    i._Z25Combinatoria_Movement_FunPbb  main.o
    0x08004560   0x08004560   0x0000001c   Code   RO           49    i._Z26GET_Motor_ID_ADDRESS_BIND_P8RM_Motori  main.o
    0x0800457c   0x0800457c   0x0000000e   Code   RO           51    i._Z6setMSDP17Motor_send_data_tsi  main.o
    0x0800458a   0x0800458a   0x00000002   PAD
    0x0800458c   0x0800458c   0x000001a0   Code   RO          489    i._ZN10RM_CHxxxGy5ParseE19CAN_RxHeaderTypeDefPh  main.o
    0x0800472c   0x0800472c   0x00000014   Code   RO          561    i._ZN10RM_Clicker4InitEv  main.o
    0x08004740   0x08004740   0x0000009c   Code   RO          567    i._ZN10RM_Clicker9ParseDataEv  main.o
    0x080047dc   0x080047dc   0x000001c8   Code   RO          465    i._ZN12TD_quadratic12td_quadraticEfb  main.o
    0x080049a4   0x080049a4   0x00000010   Code   RO          591    i._ZN12TD_quadraticC1Efffh  main.o
    0x080049b4   0x080049b4   0x00000054   Code   RO           55    i._ZN13NonLinear_Fun7Fal_FunEfff  main.o
    0x08004a08   0x08004a08   0x0000003c   Code   RO           56    i._ZN13NonLinear_Fun7Fsg_FunEff  main.o
    0x08004a44   0x08004a44   0x000001c8   Code   RO           57    i._ZN13NonLinear_Fun8Fhan_FunEffff  main.o
    0x08004c0c   0x08004c0c   0x00000022   Code   RO           58    i._ZN13NonLinear_Fun8Fign_FunEf  main.o
    0x08004c2e   0x08004c2e   0x0000001a   Code   RO          525    i._ZN13RM_StaticTime5ISDirEj  main.o
    0x08004c48   0x08004c48   0x00000016   Code   RO          519    i._ZN14RM_FeedForwardC1Efffff  main.o
    0x08004c5e   0x08004c5e   0x00000002   PAD
    0x08004c60   0x08004c60   0x0000015c   Code   RO          477    i._ZN15LADRC_quadratic13eso_quadraticEfh  main.o
    0x08004dbc   0x08004dbc   0x000000e4   Code   RO          597    i._ZN15LADRC_quadratic14sef_controllerEh  main.o
    0x08004ea0   0x08004ea0   0x0000000e   Code   RO          549    i._ZN15LADRC_quadratic18set_is_separate_w0Efff  main.o
    0x08004eae   0x08004eae   0x00000010   Code   RO          555    i._ZN15LADRC_quadratic18set_is_separate_wcEff  main.o
    0x08004ebe   0x08004ebe   0x00000032   Code   RO          543    i._ZN15LADRC_quadratic7up_dataEffhb  main.o
    0x08004ef0   0x08004ef0   0x00000060   Code   RO          507    i._ZN15LADRC_quadraticC1E12TD_quadraticffffff  main.o
    0x08004f50   0x08004f50   0x00000050   Code   RO          459    i._ZN6Kpid_tC1Edddffff  main.o
    0x08004fa0   0x08004fa0   0x00000022   Code   RO          483    i._ZN6RM_Key5UpKeyEb  main.o
    0x08004fc2   0x08004fc2   0x00000002   PAD
    0x08004fc4   0x08004fc4   0x0000027c   Code   RO          501    i._ZN6RM_PID12GetNoLinePidE6Kpid_tddd  main.o
    0x08005240   0x08005240   0x00000020   Code   RO          573    i._ZN6RM_PID8clearPIDEv  main.o
    0x08005260   0x08005260   0x000001e0   Code   RO          471    i._ZN6RM_PID9GetPidPosE6Kpid_tddd  main.o
    0x08005440   0x08005440   0x00000060   Code   RO          513    i._ZN6RM_PIDC1Ev    main.o
    0x080054a0   0x080054a0   0x0000001c   Code   RO          585    i._ZN8RM_Motor15GetMotorDataPosEs  main.o
    0x080054bc   0x080054bc   0x0000001c   Code   RO          579    i._ZN8RM_Motor17GetMotorDataSpeedEs  main.o
    0x080054d8   0x080054d8   0x00000114   Code   RO          495    i._ZN8RM_Motor5ParseE19CAN_RxHeaderTypeDefPh  main.o
    0x080055ec   0x080055ec   0x00000018   Code   RO          537    i._ZN8RM_Motor8GetMotorEs  main.o
    0x08005604   0x08005604   0x00000062   Code   RO           69    i._ZN8RM_MotorC1EshP7Motor_tPh  main.o
    0x08005666   0x08005666   0x00000006   Code   RO          531    i._ZSt4fabsf        main.o
    0x0800566c   0x0800566c   0x00000026   Code   RO         4412    i.__ARM_fpclassifyf  m_wm.l(fpclassifyf.o)
    0x08005692   0x08005692   0x00000020   Code   RO         2438    i.__NVIC_SetPriority  stm32f4xx_hal_cortex.o
    0x080056b2   0x080056b2   0x00000024   Code   RO         4231    i.__aeabi_vec_ctor_nocookie_nodtor  cpprt_w.l(aeabi_vec_ctor_nocookie_nodtor.o)
    0x080056d6   0x080056d6   0x00000014   Code   RO         4272    i.__hardfp_fabs     m_wm.l(fabs.o)
    0x080056ea   0x080056ea   0x00000002   PAD
    0x080056ec   0x080056ec   0x00000664   Code   RO         4290    i.__hardfp_powf     m_wm.l(powf.o)
    0x08005d50   0x08005d50   0x00000190   Code   RO         4304    i.__hardfp_sinf     m_wm.l(sinf.o)
    0x08005ee0   0x08005ee0   0x0000003a   Code   RO         4316    i.__hardfp_sqrtf    m_wm.l(sqrtf.o)
    0x08005f1a   0x08005f1a   0x00000002   PAD
    0x08005f1c   0x08005f1c   0x00000014   Code   RO         4414    i.__mathlib_flt_divzero  m_wm.l(funder.o)
    0x08005f30   0x08005f30   0x00000006   Code   RO         4415    i.__mathlib_flt_infnan  m_wm.l(funder.o)
    0x08005f36   0x08005f36   0x00000006   Code   RO         4416    i.__mathlib_flt_infnan2  m_wm.l(funder.o)
    0x08005f3c   0x08005f3c   0x00000010   Code   RO         4417    i.__mathlib_flt_invalid  m_wm.l(funder.o)
    0x08005f4c   0x08005f4c   0x00000010   Code   RO         4418    i.__mathlib_flt_overflow  m_wm.l(funder.o)
    0x08005f5c   0x08005f5c   0x00000010   Code   RO         4420    i.__mathlib_flt_underflow  m_wm.l(funder.o)
    0x08005f6c   0x08005f6c   0x00000154   Code   RO         4428    i.__mathlib_rredf2  m_wm.l(rredf.o)
    0x080060c0   0x080060c0   0x000005e4   Code   RO           70    i.__sti___8_main_cpp_58d84705  main.o
    0x080066a4   0x080066a4   0x00000054   Code   RO           71    i.main              main.o
    0x080066f8   0x080066f8   0x00000018   Code   RO         4234    x$fpl$basic         fz_wm.l(basic.o)
    0x08006710   0x08006710   0x00000062   Code   RO         4236    x$fpl$d2f           fz_wm.l(d2f.o)
    0x08006772   0x08006772   0x00000002   PAD
    0x08006774   0x08006774   0x00000150   Code   RO         4238    x$fpl$dadd          fz_wm.l(daddsub_clz.o)
    0x080068c4   0x080068c4   0x00000018   Code   RO         4383    x$fpl$dcmpinf       fz_wm.l(dcmpi.o)
    0x080068dc   0x080068dc   0x000002b0   Code   RO         4245    x$fpl$ddiv          fz_wm.l(ddiv.o)
    0x08006b8c   0x08006b8c   0x00000078   Code   RO         4248    x$fpl$deqf          fz_wm.l(deqf.o)
    0x08006c04   0x08006c04   0x0000005e   Code   RO         4250    x$fpl$dfix          fz_wm.l(dfix.o)
    0x08006c62   0x08006c62   0x0000002e   Code   RO         4255    x$fpl$dflt          fz_wm.l(dflt_clz.o)
    0x08006c90   0x08006c90   0x000000a2   Code   RO         4260    x$fpl$dfltll        fz_wm.l(dfltll_clz.o)
    0x08006d32   0x08006d32   0x00000002   PAD
    0x08006d34   0x08006d34   0x00000078   Code   RO         4264    x$fpl$dleqf         fz_wm.l(dleqf.o)
    0x08006dac   0x08006dac   0x00000154   Code   RO         4266    x$fpl$dmul          fz_wm.l(dmul.o)
    0x08006f00   0x08006f00   0x0000009c   Code   RO         4385    x$fpl$dnaninf       fz_wm.l(dnaninf.o)
    0x08006f9c   0x08006f9c   0x0000000c   Code   RO         4389    x$fpl$dretinf       fz_wm.l(dretinf.o)
    0x08006fa8   0x08006fa8   0x0000006c   Code   RO         4268    x$fpl$drleqf        fz_wm.l(drleqf.o)
    0x08007014   0x08007014   0x00000016   Code   RO         4239    x$fpl$drsb          fz_wm.l(daddsub_clz.o)
    0x0800702a   0x0800702a   0x00000002   PAD
    0x0800702c   0x0800702c   0x000001d4   Code   RO         4240    x$fpl$dsub          fz_wm.l(daddsub_clz.o)
    0x08007200   0x08007200   0x00000056   Code   RO         4270    x$fpl$f2d           fz_wm.l(f2d.o)
    0x08007256   0x08007256   0x0000008c   Code   RO         4391    x$fpl$fnaninf       fz_wm.l(fnaninf.o)
    0x080072e2   0x080072e2   0x0000000a   Code   RO         4458    x$fpl$fpinit        fz_wm.l(fpinit.o)
    0x080072ec   0x080072ec   0x0000000a   Code   RO         4393    x$fpl$fretinf       fz_wm.l(fretinf.o)
    0x080072f6   0x080072f6   0x00000000   Code   RO         4397    x$fpl$usenofp       fz_wm.l(usenofp.o)
    0x080072f6   0x080072f6   0x00000002   PAD
    0x080072f8   0x080072f8   0x00000388   Data   RO          137    .constdata          main.o
    0x08007680   0x08007680   0x00000008   Data   RO         2134    .constdata          stm32f4xx_hal_dma.o
    0x08007688   0x08007688   0x00000010   Data   RO         4178    .constdata          system_stm32f4xx.o
    0x08007698   0x08007698   0x00000008   Data   RO         4179    .constdata          system_stm32f4xx.o
    0x080076a0   0x080076a0   0x00000140   Data   RO         4293    .constdata          m_wm.l(powf.o)
    0x080077e0   0x080077e0   0x00000020   Data   RO         4429    .constdata          m_wm.l(rredf.o)
    0x08007800   0x08007800   0x00000020   Data   RO         4675    Region$$Table       anon$$obj.o
    0x08007820   0x08007820   0x00000004   Data   RO          183    .init_array         main.o
    0x08007824   0x08007820   0x00000000   Data   RO         4226    .init_array         c_w.l(init_aeabi.o)


    Execution Region RW_IRAM2 (Exec base: 0x10000000, Load base: 0x08007858, Size: 0x00000000, Max: 0x00010000, ABSOLUTE)

    **** No section assigned to this execution region ****


    Execution Region RW_IRAM1 (Exec base: 0x20000000, Load base: 0x08007824, Size: 0x00002b30, Max: 0x00030000, ABSOLUTE, COMPRESSED[0x00000034])

    Exec Addr    Load Addr    Size         Type   Attr      Idx    E Section Name        Object

    0x20000000   COMPRESSED   0x00000120   Data   RW          138    .data               main.o
    0x20000120   COMPRESSED   0x00000004   Data   RW          981    .data               can.o
    0x20000124   COMPRESSED   0x0000000c   Data   RW         2599    .data               stm32f4xx_hal.o
    0x20000130   COMPRESSED   0x00000004   Data   RW         4180    .data               system_stm32f4xx.o
    0x20000134   COMPRESSED   0x00000004   PAD
    0x20000138        -       0x00001f0c   Zero   RW          132    .bss                main.o
    0x20002044        -       0x00000050   Zero   RW          980    .bss                can.o
    0x20002094        -       0x000000d8   Zero   RW         1058    .bss                tim.o
    0x2000216c        -       0x00000360   Zero   RW         1118    .bss                usart.o
    0x200024cc        -       0x00000060   Zero   RW         4461    .bss                c_w.l(libspace.o)
    0x2000252c   COMPRESSED   0x00000004   PAD
    0x20002530        -       0x00000200   Zero   RW            2    HEAP                startup_stm32f427xx.o
    0x20002730        -       0x00000400   Zero   RW            1    STACK               startup_stm32f427xx.o


==============================================================================

Image component sizes


      Code (inc. data)   RO Data    RW Data    ZI Data      Debug   Object Name

       420         44          0          4         80       2410   can.o
       140          4          0          0          0        822   dma.o
       108          6          0          0          0     752271   gpio.o
     10954        874        908        288       7948     811921   main.o
        64         26        428          0       1536        828   startup_stm32f427xx.o
       180         28          0         12          0       9441   stm32f4xx_hal.o
      1658          6          0          0          0      14015   stm32f4xx_hal_can.o
       198         14          0          0          0      33727   stm32f4xx_hal_cortex.o
      1084         16          8          0          0       7214   stm32f4xx_hal_dma.o
       564         54          0          0          0       1516   stm32f4xx_hal_gpio.o
        48          6          0          0          0        830   stm32f4xx_hal_msp.o
       112         14          0          0          0       1256   stm32f4xx_hal_pwr_ex.o
      1348         76          0          0          0       5144   stm32f4xx_hal_rcc.o
      1756        110          0          0          0      15266   stm32f4xx_hal_tim.o
       148         28          0          0          0       2425   stm32f4xx_hal_tim_ex.o
      1716         30          0          0          0      12453   stm32f4xx_hal_uart.o
       224        102          0          0          0      11826   stm32f4xx_it.o
        16          4         24          4          0       1079   system_stm32f4xx.o
       564         46          0          0        216       3662   tim.o
      1040         88          0          0        864       4311   usart.o

    ----------------------------------------------------------------------
     22380       1576       1400        308      10648    1692417   Object Totals
         0          0         32          0          0          0   (incl. Generated)
        38          0          0          0          4          0   (incl. Padding)

    ----------------------------------------------------------------------

      Code (inc. data)   RO Data    RW Data    ZI Data      Debug   Library Member Name

        58          0          0          0          0          0   __dczerorl.o
         8          0          0          0          0         68   __main.o
         0          0          0          0          0          0   __rtentry.o
        12          0          0          0          0          0   __rtentry2.o
         6          0          0          0          0          0   __rtentry4.o
        52          8          0          0          0          0   __scatter.o
        28          0          0          0          0          0   __scatter_zi.o
        22          0          0          0          0        100   _rserrno.o
        18          0          0          0          0         80   exit.o
         6          0          0          0          0        152   heapauxi.o
         0          0          0          0          0          0   indicate_semi.o
        36         10          0          0          0         80   init_aeabi.o
         2          0          0          0          0          0   libinit.o
        10          0          0          0          0          0   libinit2.o
         2          0          0          0          0          0   libshutdown.o
         2          0          0          0          0          0   libshutdown2.o
         8          4          0          0         96         68   libspace.o
       238          0          0          0          0        100   lludivv7m.o
         8          4          0          0          0         68   rt_errno_addr_intlibspace.o
        78          0          0          0          0         80   rt_memclr_w.o
       138          0          0          0          0         68   rt_memcpy_v6.o
       100          0          0          0          0         80   rt_memcpy_w.o
         2          0          0          0          0          0   rtexit.o
        10          0          0          0          0          0   rtexit2.o
        12          4          0          0          0         68   sys_exit.o
        74          0          0          0          0         80   sys_stackheap_outer.o
         2          0          0          0          0         68   use_no_semi.o
        36          0          0          0          0         84   aeabi_vec_ctor_nocookie_nodtor.o
        24          0          0          0          0        164   basic.o
        98          4          0          0          0        140   d2f.o
       826         16          0          0          0        492   daddsub_clz.o
        24          0          0          0          0        116   dcmpi.o
       688        140          0          0          0        256   ddiv.o
       120          4          0          0          0        140   deqf.o
        94          4          0          0          0        140   dfix.o
        46          0          0          0          0        116   dflt_clz.o
       162          0          0          0          0        132   dfltll_clz.o
       120          4          0          0          0        140   dleqf.o
       340         12          0          0          0        152   dmul.o
       156          4          0          0          0        140   dnaninf.o
        12          0          0          0          0        116   dretinf.o
       108          0          0          0          0        128   drleqf.o
        86          4          0          0          0        132   f2d.o
       140          4          0          0          0        132   fnaninf.o
        10          0          0          0          0        116   fpinit.o
        10          0          0          0          0        116   fretinf.o
         0          0          0          0          0          0   usenofp.o
        20          0          0          0          0        124   fabs.o
        38          0          0          0          0        116   fpclassifyf.o
        80         24          0          0          0        696   funder.o
      1636        110        320          0          0        372   powf.o
       340         24         32          0          0        160   rredf.o
       400         56          0          0          0        212   sinf.o
        58          0          0          0          0        136   sqrtf.o

    ----------------------------------------------------------------------
      6624        440        352          0        100       5928   Library Totals
        20          0          0          0          4          0   (incl. Padding)

    ----------------------------------------------------------------------

      Code (inc. data)   RO Data    RW Data    ZI Data      Debug   Library Name

       932         30          0          0         96       1160   c_w.l
        36          0          0          0          0         84   cpprt_w.l
      3064        196          0          0          0       2868   fz_wm.l
      2572        214        352          0          0       1816   m_wm.l

    ----------------------------------------------------------------------
      6624        440        352          0        100       5928   Library Totals

    ----------------------------------------------------------------------

==============================================================================


      Code (inc. data)   RO Data    RW Data    ZI Data      Debug   

     29004       2016       1752        308      10748    1678073   Grand Totals
     29004       2016       1752         52      10748    1678073   ELF Image Totals (compressed)
     29004       2016       1752         52          0          0   ROM Totals

==============================================================================

    Total RO  Size (Code + RO Data)                30756 (  30.04kB)
    Total RW  Size (RW Data + ZI Data)             11056 (  10.80kB)
    Total ROM Size (Code + RO Data + RW Data)      30808 (  30.09kB)

==============================================================================

